---------------------------------------
Begin Slurm Prolog: May-04-2026 02:03:01
Job ID:    5248906
User ID:   jchen3392
Account:   cse
Job name:  stale_mismatch
Partition: coc-gpu
QOS:       coc-ice
---------------------------------------
==> Stale+Mismatch (H3) started: Mon May  4 02:03:01 AM EDT 2026
==> Node: atl1-1-01-005-13-0.pace.gatech.edu
==> GPU: NVIDIA A100 80GB PCIe
Using device: cuda
Condition: stale_mismatch  Task: wikisql  Seed: 0
Using max_new_tokens=64 for WikiSQL
Loading WikiSQL train dataset (2000 examples)...
Loading WikiSQL tables from /home/hice1/jchen3392/Sync-Or-Sink/scripts/../data/data...
Loaded 18585 tables
Loading WikiSQL examples...
Loaded 56355 examples
Loading WikiSQL eval dataset (200 examples)...
Loading WikiSQL tables from /home/hice1/jchen3392/Sync-Or-Sink/scripts/../data/data...
Loaded 2716 tables
Loading WikiSQL examples...
Loaded 8421 examples
Loading learner policy...
Loading checkpoint from outputs/checkpoints/wikisql_sft/checkpoint.pt...
Checkpoint loaded successfully
Loading actor policy...
Loading mismatch actor (torch.float16)...
Update 0001/100 reward=0.650 pass@1=0.500 clip=0.000 |post_move|=0.0082 grad=5.7774 loss=0.0001
Update 0002/100 reward=0.500 pass@1=0.000 clip=0.000 |post_move|=0.0058 grad=0.0000 loss=0.0000
Update 0003/100 reward=0.750 pass@1=0.500 clip=0.000 |post_move|=0.0052 grad=6.4682 loss=0.0028
Update 0004/100 reward=0.750 pass@1=0.500 clip=0.000 |post_move|=0.0058 grad=4.4733 loss=-0.0002
Update 0005/100 reward=0.500 pass@1=0.000 clip=0.000 |post_move|=0.0046 grad=0.0000 loss=0.0000
Update 0006/100 reward=0.400 pass@1=0.000 clip=0.000 |post_move|=0.0054 grad=4.5904 loss=-0.0009
Update 0007/100 reward=0.625 pass@1=0.250 clip=0.000 |post_move|=0.0039 grad=6.5702 loss=0.0014
Update 0008/100 reward=0.875 pass@1=0.750 clip=0.000 |post_move|=0.0055 grad=5.3258 loss=0.0003
Update 0009/100 reward=0.750 pass@1=0.500 clip=0.000 |post_move|=0.0066 grad=5.9077 loss=-0.0013
Update 0010/100 reward=0.650 pass@1=0.500 clip=0.000 |post_move|=0.0042 grad=6.6708 loss=0.0008
Update 0011/100 reward=0.750 pass@1=0.500 clip=0.000 |post_move|=0.0030 grad=6.3538 loss=0.0003
Update 0012/100 reward=0.525 pass@1=0.250 clip=0.000 |post_move|=0.0079 grad=8.4835 loss=-0.0027
Update 0013/100 reward=0.500 pass@1=0.000 clip=0.000 |post_move|=0.0037 grad=0.0000 loss=0.0000
Update 0014/100 reward=0.875 pass@1=0.750 clip=0.000 |post_move|=0.0032 grad=6.6069 loss=-0.0001
Update 0015/100 reward=0.750 pass@1=0.500 clip=0.000 |post_move|=0.0048 grad=8.0987 loss=-0.0003
Update 0016/100 reward=0.750 pass@1=0.500 clip=0.000 |post_move|=0.0022 grad=7.6238 loss=0.0007
Update 0017/100 reward=0.625 pass@1=0.250 clip=0.000 |post_move|=0.0044 grad=10.4056 loss=0.0006
Update 0018/100 reward=0.625 pass@1=0.250 clip=0.000 |post_move|=0.0024 grad=4.7330 loss=-0.0000
Update 0019/100 reward=0.750 pass@1=0.500 clip=0.015 |post_move|=0.0072 grad=11.4461 loss=0.0029
Update 0020/100 reward=0.650 pass@1=0.500 clip=0.000 |post_move|=0.0021 grad=6.8841 loss=-0.0004
Update 0021/100 reward=0.750 pass@1=0.500 clip=0.000 |post_move|=0.0033 grad=5.3074 loss=0.0003
Update 0022/100 reward=0.750 pass@1=0.500 clip=0.000 |post_move|=0.0029 grad=7.9525 loss=-0.0014
Update 0023/100 reward=0.750 pass@1=0.500 clip=0.000 |post_move|=0.0022 grad=5.6623 loss=-0.0003
Update 0024/100 reward=0.750 pass@1=0.500 clip=0.000 |post_move|=0.0047 grad=5.3640 loss=0.0002
Update 0025/100 reward=0.875 pass@1=0.750 clip=0.000 |post_move|=0.0031 grad=5.8498 loss=-0.0002
Update 0026/100 reward=0.525 pass@1=0.250 clip=0.000 |post_move|=0.0027 grad=7.3735 loss=-0.0003
Update 0027/100 reward=0.625 pass@1=0.250 clip=0.000 |post_move|=0.0038 grad=7.2408 loss=-0.0009
Update 0028/100 reward=0.750 pass@1=0.500 clip=0.000 |post_move|=0.0031 grad=7.1065 loss=-0.0009
Update 0029/100 reward=0.750 pass@1=0.500 clip=0.000 |post_move|=0.0040 grad=4.9497 loss=0.0012
Update 0030/100 reward=0.750 pass@1=0.500 clip=0.000 |post_move|=0.0025 grad=4.5686 loss=0.0009
Update 0031/100 reward=0.625 pass@1=0.250 clip=0.000 |post_move|=0.0024 grad=6.9152 loss=0.0006
Update 0032/100 reward=0.875 pass@1=0.750 clip=0.000 |post_move|=0.0020 grad=5.1926 loss=0.0000
Update 0033/100 reward=0.500 pass@1=0.000 clip=0.000 |post_move|=0.0016 grad=0.0000 loss=0.0000
Update 0034/100 reward=0.500 pass@1=0.000 clip=0.000 |post_move|=0.0026 grad=0.0000 loss=0.0000
Update 0035/100 reward=0.500 pass@1=0.000 clip=0.000 |post_move|=0.0015 grad=0.0000 loss=0.0000
Update 0036/100 reward=0.750 pass@1=0.500 clip=0.000 |post_move|=0.0032 grad=7.3789 loss=-0.0007
Update 0037/100 reward=0.750 pass@1=0.500 clip=0.000 |post_move|=0.0025 grad=6.7254 loss=-0.0000
Update 0038/100 reward=0.875 pass@1=0.750 clip=0.000 |post_move|=0.0020 grad=6.5118 loss=0.0006
Update 0039/100 reward=0.500 pass@1=0.000 clip=0.000 |post_move|=0.0033 grad=0.0000 loss=0.0000
Update 0040/100 reward=0.750 pass@1=0.500 clip=0.000 |post_move|=0.0019 grad=5.3164 loss=-0.0002
Update 0041/100 reward=0.875 pass@1=0.750 clip=0.000 |post_move|=0.0011 grad=4.9061 loss=0.0007
Update 0042/100 reward=0.500 pass@1=0.000 clip=0.000 |post_move|=0.0029 grad=0.0000 loss=0.0000
Update 0043/100 reward=0.400 pass@1=0.000 clip=0.000 |post_move|=0.0020 grad=8.5999 loss=0.0004
Update 0044/100 reward=0.750 pass@1=0.500 clip=0.000 |post_move|=0.0020 grad=7.2127 loss=-0.0004
Update 0045/100 reward=0.875 pass@1=0.750 clip=0.000 |post_move|=0.0038 grad=8.3084 loss=0.0002
Update 0046/100 reward=0.750 pass@1=0.500 clip=0.000 |post_move|=0.0033 grad=7.9781 loss=0.0007
Update 0047/100 reward=0.875 pass@1=0.750 clip=0.000 |post_move|=0.0042 grad=5.1959 loss=-0.0003
Update 0048/100 reward=0.625 pass@1=0.250 clip=0.000 |post_move|=0.0020 grad=6.3723 loss=-0.0005
Update 0049/100 reward=0.750 pass@1=0.500 clip=0.000 |post_move|=0.0052 grad=7.7692 loss=-0.0019
Update 0050/100 reward=0.500 pass@1=0.000 clip=0.000 |post_move|=0.0039 grad=0.0000 loss=0.0000
Update 0051/100 reward=0.625 pass@1=0.250 clip=0.000 |post_move|=0.0038 grad=4.8430 loss=-0.0003
Update 0052/100 reward=0.750 pass@1=0.500 clip=0.000 |post_move|=0.0024 grad=3.9613 loss=0.0007
Update 0053/100 reward=0.625 pass@1=0.250 clip=0.000 |post_move|=0.0032 grad=6.1539 loss=-0.0001
Update 0054/100 reward=1.000 pass@1=1.000 clip=0.000 |post_move|=0.0030 grad=0.0000 loss=0.0000
Update 0055/100 reward=0.875 pass@1=0.750 clip=0.000 |post_move|=0.0053 grad=7.1845 loss=0.0002
Update 0056/100 reward=0.750 pass@1=0.500 clip=0.000 |post_move|=0.0036 grad=6.5215 loss=-0.0002
Update 0057/100 reward=0.625 pass@1=0.250 clip=0.000 |post_move|=0.0023 grad=7.5516 loss=-0.0000
Update 0058/100 reward=0.625 pass@1=0.250 clip=0.000 |post_move|=0.0054 grad=5.1381 loss=0.0003
Update 0059/100 reward=0.750 pass@1=0.500 clip=0.000 |post_move|=0.0045 grad=8.8360 loss=0.0003
Update 0060/100 reward=0.875 pass@1=0.750 clip=0.000 |post_move|=0.0042 grad=7.7865 loss=-0.0007
Update 0061/100 reward=1.000 pass@1=1.000 clip=0.000 |post_move|=0.0020 grad=0.0000 loss=0.0000
Update 0062/100 reward=0.875 pass@1=0.750 clip=0.000 |post_move|=0.0025 grad=7.9948 loss=0.0005
Update 0063/100 reward=1.000 pass@1=1.000 clip=0.000 |post_move|=0.0027 grad=0.0000 loss=0.0000
Update 0064/100 reward=0.750 pass@1=0.500 clip=0.000 |post_move|=0.0027 grad=7.7197 loss=0.0009
Update 0065/100 reward=0.750 pass@1=0.500 clip=0.000 |post_move|=0.0047 grad=9.4001 loss=0.0005
Update 0066/100 reward=0.750 pass@1=0.500 clip=0.000 |post_move|=0.0025 grad=5.9122 loss=0.0003
Update 0067/100 reward=0.875 pass@1=0.750 clip=0.000 |post_move|=0.0043 grad=7.2691 loss=-0.0009
Update 0068/100 reward=0.525 pass@1=0.250 clip=0.000 |post_move|=0.0033 grad=7.6315 loss=0.0009
Update 0069/100 reward=0.500 pass@1=0.000 clip=0.000 |post_move|=0.0030 grad=0.0000 loss=0.0000
Update 0070/100 reward=0.750 pass@1=0.500 clip=0.000 |post_move|=0.0035 grad=5.8478 loss=-0.0011
Update 0071/100 reward=0.625 pass@1=0.250 clip=0.000 |post_move|=0.0036 grad=4.9300 loss=0.0005
Update 0072/100 reward=0.875 pass@1=0.750 clip=0.000 |post_move|=0.0029 grad=6.8181 loss=0.0000
Update 0073/100 reward=0.625 pass@1=0.250 clip=0.000 |post_move|=0.0046 grad=9.8170 loss=0.0002
Update 0074/100 reward=0.750 pass@1=0.500 clip=0.000 |post_move|=0.0034 grad=6.1364 loss=-0.0004
Update 0075/100 reward=0.750 pass@1=0.500 clip=0.000 |post_move|=0.0024 grad=10.8357 loss=-0.0001
Update 0076/100 reward=0.625 pass@1=0.250 clip=0.000 |post_move|=0.0037 grad=5.9298 loss=-0.0007
Update 0077/100 reward=0.775 pass@1=0.750 clip=0.000 |post_move|=0.0042 grad=7.1756 loss=-0.0007
Update 0078/100 reward=0.750 pass@1=0.500 clip=0.000 |post_move|=0.0036 grad=7.1998 loss=0.0013
Update 0079/100 reward=0.750 pass@1=0.500 clip=0.000 |post_move|=0.0036 grad=5.6048 loss=-0.0003
Update 0080/100 reward=0.650 pass@1=0.500 clip=0.000 |post_move|=0.0023 grad=5.8331 loss=-0.0004
Update 0081/100 reward=0.625 pass@1=0.250 clip=0.000 |post_move|=0.0021 grad=6.4599 loss=0.0012
Update 0082/100 reward=0.625 pass@1=0.250 clip=0.000 |post_move|=0.0074 grad=8.4249 loss=-0.0023
Update 0083/100 reward=0.625 pass@1=0.250 clip=0.000 |post_move|=0.0013 grad=2.9554 loss=0.0003
Update 0084/100 reward=0.750 pass@1=0.500 clip=0.000 |post_move|=0.0040 grad=8.1546 loss=-0.0010
Update 0085/100 reward=0.650 pass@1=0.500 clip=0.000 |post_move|=0.0065 grad=6.2797 loss=-0.0011
Update 0086/100 reward=0.875 pass@1=0.750 clip=0.000 |post_move|=0.0058 grad=4.3581 loss=0.0003
Update 0087/100 reward=0.750 pass@1=0.500 clip=0.000 |post_move|=0.0039 grad=8.4437 loss=0.0005
Update 0088/100 reward=0.750 pass@1=0.500 clip=0.000 |post_move|=0.0041 grad=7.3157 loss=-0.0011
Update 0089/100 reward=0.500 pass@1=0.000 clip=0.000 |post_move|=0.0028 grad=0.0000 loss=0.0000
Update 0090/100 reward=0.625 pass@1=0.250 clip=0.000 |post_move|=0.0036 grad=5.4491 loss=0.0006
Update 0091/100 reward=0.875 pass@1=0.750 clip=0.000 |post_move|=0.0030 grad=8.0413 loss=-0.0000
Update 0092/100 reward=0.875 pass@1=0.750 clip=0.000 |post_move|=0.0035 grad=6.0983 loss=0.0001
Update 0093/100 reward=0.750 pass@1=0.500 clip=0.000 |post_move|=0.0037 grad=6.1070 loss=0.0005
Update 0094/100 reward=0.750 pass@1=0.500 clip=0.000 |post_move|=0.0052 grad=6.7879 loss=-0.0000
Update 0095/100 reward=0.750 pass@1=0.500 clip=0.000 |post_move|=0.0030 grad=7.6240 loss=-0.0005
Update 0096/100 reward=0.750 pass@1=0.500 clip=0.000 |post_move|=0.0034 grad=8.2449 loss=-0.0002
Update 0097/100 reward=0.750 pass@1=0.500 clip=0.000 |post_move|=0.0033 grad=5.5730 loss=0.0011
Update 0098/100 reward=0.750 pass@1=0.500 clip=0.000 |post_move|=0.0037 grad=6.2754 loss=0.0003
Update 0099/100 reward=0.750 pass@1=0.500 clip=0.000 |post_move|=0.0028 grad=7.0485 loss=-0.0005
Update 0100/100 reward=0.625 pass@1=0.250 clip=0.000 |post_move|=0.0046 grad=6.5576 loss=-0.0002
Logs saved to outputs/live_ppo/live_ppo_stale_mismatch_wikisql_seed0/logs.json
Figure saved to outputs/live_ppo/live_ppo_stale_mismatch_wikisql_seed0/metrics.png
==> Stale+Mismatch (H3) finished: Mon May  4 02:06:53 AM EDT 2026
---------------------------------------
Begin Slurm Epilog: May-04-2026 02:06:53
Job ID:        5248906
User ID:       jchen3392
Account:       cse
Job name:      stale_mismatch
Resources:     cpu=1,gres/gpu:a100=1,mem=24G,node=1
Rsrc Used:     cput=00:03:52,vmem=0,walltime=00:03:52,mem=8318156K,energy_used=0
Partition:     coc-gpu
QOS:           coc-ice
Nodes:         atl1-1-01-005-13-0
---------------------------------------
