---------------------------------------
Begin Slurm Prolog: May-04-2026 02:08:59
Job ID:    5248907
User ID:   jchen3392
Account:   cse
Job name:  staleness_sweep
Partition: coc-gpu
QOS:       coc-ice
---------------------------------------
==> Staleness Sweep started: Mon May  4 02:08:59 AM EDT 2026
==> Node: atl1-1-01-005-13-0.pace.gatech.edu
==> GPU: NVIDIA A100 80GB PCIe
==> Running: stale L=1, seed=0 (Mon May  4 02:08:59 AM EDT 2026)
Using device: cuda
Condition: stale  Task: wikisql  Seed: 0
Using max_new_tokens=64 for WikiSQL
Loading WikiSQL train dataset (2000 examples)...
Loading WikiSQL tables from /home/hice1/jchen3392/Sync-Or-Sink/scripts/../data/data...
Loaded 18585 tables
Loading WikiSQL examples...
Loaded 56355 examples
Loading WikiSQL eval dataset (200 examples)...
Loading WikiSQL tables from /home/hice1/jchen3392/Sync-Or-Sink/scripts/../data/data...
Loaded 2716 tables
Loading WikiSQL examples...
Loaded 8421 examples
Loading learner policy...
Loading checkpoint from outputs/checkpoints/wikisql_sft/checkpoint.pt...
Checkpoint loaded successfully
Loading actor policy...
Update 0001/100 reward=0.650 pass@1=0.500 clip=0.000 |post_move|=0.0080 grad=5.7338 loss=-0.0000
Update 0002/100 reward=0.500 pass@1=0.000 clip=0.000 |post_move|=0.0051 grad=0.0000 loss=0.0000
Update 0003/100 reward=0.750 pass@1=0.500 clip=0.000 |post_move|=0.0029 grad=6.4087 loss=0.0011
Update 0004/100 reward=0.750 pass@1=0.500 clip=0.000 |post_move|=0.0045 grad=4.4406 loss=0.0001
Update 0005/100 reward=0.500 pass@1=0.000 clip=0.000 |post_move|=0.0023 grad=0.0000 loss=0.0000
Update 0006/100 reward=0.400 pass@1=0.000 clip=0.000 |post_move|=0.0039 grad=4.6020 loss=-0.0001
Update 0007/100 reward=0.625 pass@1=0.250 clip=0.000 |post_move|=0.0035 grad=6.5488 loss=0.0004
Update 0008/100 reward=0.875 pass@1=0.750 clip=0.000 |post_move|=0.0043 grad=5.2419 loss=-0.0001
Update 0009/100 reward=0.750 pass@1=0.500 clip=0.000 |post_move|=0.0056 grad=5.9082 loss=-0.0003
Update 0010/100 reward=0.650 pass@1=0.500 clip=0.000 |post_move|=0.0026 grad=6.6152 loss=0.0001
Update 0011/100 reward=0.750 pass@1=0.500 clip=0.000 |post_move|=0.0022 grad=6.3733 loss=0.0002
Update 0012/100 reward=0.525 pass@1=0.250 clip=0.000 |post_move|=0.0051 grad=8.6334 loss=-0.0009
Update 0013/100 reward=0.500 pass@1=0.000 clip=0.000 |post_move|=0.0022 grad=0.0000 loss=0.0000
Update 0014/100 reward=0.875 pass@1=0.750 clip=0.000 |post_move|=0.0028 grad=6.5636 loss=-0.0003
Update 0015/100 reward=0.750 pass@1=0.500 clip=0.000 |post_move|=0.0041 grad=8.0818 loss=-0.0003
Update 0016/100 reward=0.750 pass@1=0.500 clip=0.000 |post_move|=0.0012 grad=7.6301 loss=0.0000
Update 0017/100 reward=0.625 pass@1=0.250 clip=0.000 |post_move|=0.0031 grad=11.0662 loss=0.0001
Update 0018/100 reward=0.625 pass@1=0.250 clip=0.000 |post_move|=0.0014 grad=4.7175 loss=0.0003
Update 0019/100 reward=0.750 pass@1=0.500 clip=0.000 |post_move|=0.0038 grad=8.9734 loss=0.0005
Update 0020/100 reward=0.750 pass@1=0.500 clip=0.000 |post_move|=0.0013 grad=5.2561 loss=0.0001
Update 0021/100 reward=0.750 pass@1=0.500 clip=0.000 |post_move|=0.0018 grad=5.2297 loss=0.0003
Update 0022/100 reward=0.750 pass@1=0.500 clip=0.000 |post_move|=0.0020 grad=5.5731 loss=0.0001
Update 0023/100 reward=0.625 pass@1=0.250 clip=0.000 |post_move|=0.0018 grad=5.7109 loss=-0.0001
Update 0024/100 reward=0.875 pass@1=0.750 clip=0.000 |post_move|=0.0012 grad=6.1765 loss=-0.0001
Update 0025/100 reward=0.775 pass@1=0.750 clip=0.000 |post_move|=0.0020 grad=4.5652 loss=0.0001
Update 0026/100 reward=0.300 pass@1=0.000 clip=0.000 |post_move|=0.0026 grad=6.0309 loss=-0.0002
Update 0027/100 reward=0.525 pass@1=0.250 clip=0.000 |post_move|=0.0024 grad=6.3837 loss=0.0000
Update 0028/100 reward=0.625 pass@1=0.250 clip=0.000 |post_move|=0.0018 grad=3.5899 loss=0.0000
Update 0029/100 reward=0.875 pass@1=0.750 clip=0.000 |post_move|=0.0017 grad=7.9763 loss=-0.0000
Update 0030/100 reward=0.625 pass@1=0.250 clip=0.000 |post_move|=0.0019 grad=7.8971 loss=0.0003
Update 0031/100 reward=0.625 pass@1=0.250 clip=0.000 |post_move|=0.0029 grad=9.4183 loss=-0.0004
Update 0032/100 reward=0.525 pass@1=0.250 clip=0.000 |post_move|=0.0022 grad=11.8591 loss=-0.0000
Update 0033/100 reward=0.500 pass@1=0.000 clip=0.000 |post_move|=0.0014 grad=0.0000 loss=0.0000
Update 0034/100 reward=0.500 pass@1=0.000 clip=0.000 |post_move|=0.0007 grad=0.0000 loss=0.0000
Update 0035/100 reward=0.750 pass@1=0.500 clip=0.000 |post_move|=0.0020 grad=7.5582 loss=0.0001
Update 0036/100 reward=0.750 pass@1=0.500 clip=0.000 |post_move|=0.0026 grad=8.3018 loss=-0.0004
Update 0037/100 reward=0.750 pass@1=0.500 clip=0.000 |post_move|=0.0015 grad=6.3756 loss=0.0004
Update 0038/100 reward=0.875 pass@1=0.750 clip=0.000 |post_move|=0.0018 grad=6.3351 loss=-0.0002
Update 0039/100 reward=0.500 pass@1=0.000 clip=0.000 |post_move|=0.0018 grad=0.0000 loss=0.0000
Update 0040/100 reward=0.650 pass@1=0.500 clip=0.000 |post_move|=0.0028 grad=8.9396 loss=-0.0000
Update 0041/100 reward=0.875 pass@1=0.750 clip=0.000 |post_move|=0.0013 grad=5.2682 loss=-0.0001
Update 0042/100 reward=0.500 pass@1=0.000 clip=0.000 |post_move|=0.0017 grad=0.0000 loss=0.0000
Update 0043/100 reward=0.625 pass@1=0.250 clip=0.000 |post_move|=0.0016 grad=6.0901 loss=-0.0004
Update 0044/100 reward=0.750 pass@1=0.500 clip=0.000 |post_move|=0.0023 grad=4.3649 loss=0.0003
Update 0045/100 reward=0.875 pass@1=0.750 clip=0.000 |post_move|=0.0026 grad=6.8674 loss=-0.0001
Update 0046/100 reward=0.750 pass@1=0.500 clip=0.000 |post_move|=0.0030 grad=7.5967 loss=-0.0001
Update 0047/100 reward=0.875 pass@1=0.750 clip=0.000 |post_move|=0.0031 grad=4.6091 loss=-0.0001
Update 0048/100 reward=0.625 pass@1=0.250 clip=0.000 |post_move|=0.0015 grad=5.1510 loss=-0.0003
Update 0049/100 reward=0.875 pass@1=0.750 clip=0.000 |post_move|=0.0031 grad=7.3041 loss=0.0005
Update 0050/100 reward=0.500 pass@1=0.000 clip=0.000 |post_move|=0.0017 grad=0.0000 loss=0.0000
Update 0051/100 reward=0.625 pass@1=0.250 clip=0.000 |post_move|=0.0024 grad=8.4855 loss=0.0003
Update 0052/100 reward=0.750 pass@1=0.500 clip=0.000 |post_move|=0.0014 grad=6.7901 loss=0.0002
Update 0053/100 reward=0.625 pass@1=0.250 clip=0.000 |post_move|=0.0015 grad=6.1044 loss=0.0000
Update 0054/100 reward=1.000 pass@1=1.000 clip=0.000 |post_move|=0.0014 grad=0.0000 loss=0.0000
Update 0055/100 reward=0.750 pass@1=0.500 clip=0.000 |post_move|=0.0033 grad=7.5760 loss=0.0001
Update 0056/100 reward=0.750 pass@1=0.500 clip=0.000 |post_move|=0.0016 grad=7.9558 loss=0.0003
Update 0057/100 reward=0.625 pass@1=0.250 clip=0.000 |post_move|=0.0015 grad=7.1062 loss=-0.0002
Update 0058/100 reward=0.625 pass@1=0.250 clip=0.000 |post_move|=0.0009 grad=6.5000 loss=0.0001
Update 0059/100 reward=0.875 pass@1=0.750 clip=0.000 |post_move|=0.0013 grad=10.0166 loss=0.0000
Update 0060/100 reward=0.875 pass@1=0.750 clip=0.000 |post_move|=0.0015 grad=7.4849 loss=0.0001
Update 0061/100 reward=1.000 pass@1=1.000 clip=0.000 |post_move|=0.0007 grad=0.0000 loss=0.0000
Update 0062/100 reward=0.875 pass@1=0.750 clip=0.000 |post_move|=0.0020 grad=5.3121 loss=-0.0002
Update 0063/100 reward=1.000 pass@1=1.000 clip=0.000 |post_move|=0.0010 grad=0.0000 loss=0.0000
Update 0064/100 reward=0.750 pass@1=0.500 clip=0.000 |post_move|=0.0025 grad=7.6872 loss=0.0000
Update 0065/100 reward=0.750 pass@1=0.500 clip=0.000 |post_move|=0.0041 grad=9.9552 loss=-0.0001
Update 0066/100 reward=0.625 pass@1=0.250 clip=0.000 |post_move|=0.0024 grad=6.9253 loss=-0.0000
Update 0067/100 reward=0.875 pass@1=0.750 clip=0.000 |post_move|=0.0032 grad=9.1042 loss=-0.0001
Update 0068/100 reward=0.750 pass@1=0.500 clip=0.000 |post_move|=0.0019 grad=7.2151 loss=0.0000
Update 0069/100 reward=0.500 pass@1=0.000 clip=0.000 |post_move|=0.0015 grad=0.0000 loss=0.0000
Update 0070/100 reward=0.750 pass@1=0.500 clip=0.000 |post_move|=0.0018 grad=7.2797 loss=-0.0001
Update 0071/100 reward=0.625 pass@1=0.250 clip=0.000 |post_move|=0.0019 grad=7.2870 loss=-0.0000
Update 0072/100 reward=0.875 pass@1=0.750 clip=0.000 |post_move|=0.0019 grad=6.0378 loss=-0.0003
Update 0073/100 reward=0.625 pass@1=0.250 clip=0.000 |post_move|=0.0016 grad=9.5550 loss=0.0007
Update 0074/100 reward=0.750 pass@1=0.500 clip=0.000 |post_move|=0.0025 grad=5.7035 loss=0.0000
Update 0075/100 reward=0.750 pass@1=0.500 clip=0.000 |post_move|=0.0034 grad=5.3143 loss=0.0002
Update 0076/100 reward=0.625 pass@1=0.250 clip=0.000 |post_move|=0.0026 grad=4.3746 loss=-0.0002
Update 0077/100 reward=1.000 pass@1=1.000 clip=0.000 |post_move|=0.0018 grad=0.0000 loss=0.0000
Update 0078/100 reward=0.625 pass@1=0.250 clip=0.000 |post_move|=0.0036 grad=5.2212 loss=-0.0003
Update 0079/100 reward=0.625 pass@1=0.250 clip=0.000 |post_move|=0.0020 grad=10.2214 loss=0.0006
Update 0080/100 reward=0.650 pass@1=0.500 clip=0.000 |post_move|=0.0030 grad=5.8976 loss=-0.0004
Update 0081/100 reward=0.625 pass@1=0.250 clip=0.000 |post_move|=0.0023 grad=10.2302 loss=-0.0000
Update 0082/100 reward=0.625 pass@1=0.250 clip=0.000 |post_move|=0.0024 grad=6.3868 loss=-0.0002
Update 0083/100 reward=0.625 pass@1=0.250 clip=0.000 |post_move|=0.0011 grad=5.2015 loss=0.0000
Update 0084/100 reward=0.750 pass@1=0.500 clip=0.000 |post_move|=0.0021 grad=4.1229 loss=0.0002
Update 0085/100 reward=0.425 pass@1=0.250 clip=0.000 |post_move|=0.0025 grad=4.7159 loss=-0.0001
Update 0086/100 reward=0.775 pass@1=0.750 clip=0.000 |post_move|=0.0030 grad=5.6180 loss=0.0001
Update 0087/100 reward=0.750 pass@1=0.500 clip=0.000 |post_move|=0.0014 grad=4.3273 loss=-0.0001
Update 0088/100 reward=0.750 pass@1=0.500 clip=0.000 |post_move|=0.0022 grad=8.0313 loss=-0.0001
Update 0089/100 reward=0.500 pass@1=0.000 clip=0.000 |post_move|=0.0021 grad=0.0000 loss=0.0000
Update 0090/100 reward=0.625 pass@1=0.250 clip=0.000 |post_move|=0.0007 grad=9.1126 loss=0.0000
Update 0091/100 reward=0.875 pass@1=0.750 clip=0.000 |post_move|=0.0007 grad=7.5107 loss=0.0002
Update 0092/100 reward=0.650 pass@1=0.500 clip=0.000 |post_move|=0.0016 grad=5.4169 loss=-0.0000
Update 0093/100 reward=0.750 pass@1=0.500 clip=0.000 |post_move|=0.0029 grad=6.9553 loss=0.0000
Update 0094/100 reward=0.750 pass@1=0.500 clip=0.000 |post_move|=0.0024 grad=11.6337 loss=0.0005
Update 0095/100 reward=0.750 pass@1=0.500 clip=0.000 |post_move|=0.0016 grad=7.5653 loss=0.0001
Update 0096/100 reward=0.750 pass@1=0.500 clip=0.000 |post_move|=0.0007 grad=6.0688 loss=-0.0000
Update 0097/100 reward=0.625 pass@1=0.250 clip=0.000 |post_move|=0.0044 grad=7.6856 loss=-0.0002
Update 0098/100 reward=0.750 pass@1=0.500 clip=0.000 |post_move|=0.0011 grad=5.0807 loss=0.0002
Update 0099/100 reward=0.625 pass@1=0.250 clip=0.000 |post_move|=0.0009 grad=4.2565 loss=-0.0001
Update 0100/100 reward=0.625 pass@1=0.250 clip=0.000 |post_move|=0.0019 grad=10.5919 loss=0.0000
Logs saved to outputs/live_ppo/live_ppo_stale_wikisql_seed0/logs.json
Figure saved to outputs/live_ppo/live_ppo_stale_wikisql_seed0/metrics.png
==> Running: stale L=2, seed=0 (Mon May  4 02:12:33 AM EDT 2026)
Using device: cuda
Condition: stale  Task: wikisql  Seed: 0
Using max_new_tokens=64 for WikiSQL
Loading WikiSQL train dataset (2000 examples)...
Loading WikiSQL tables from /home/hice1/jchen3392/Sync-Or-Sink/scripts/../data/data...
Loaded 18585 tables
Loading WikiSQL examples...
Loaded 56355 examples
Loading WikiSQL eval dataset (200 examples)...
Loading WikiSQL tables from /home/hice1/jchen3392/Sync-Or-Sink/scripts/../data/data...
Loaded 2716 tables
Loading WikiSQL examples...
Loaded 8421 examples
Loading learner policy...
Loading checkpoint from outputs/checkpoints/wikisql_sft/checkpoint.pt...
Checkpoint loaded successfully
Loading actor policy...
Update 0001/100 reward=0.650 pass@1=0.500 clip=0.000 |post_move|=0.0080 grad=5.7338 loss=-0.0000
Update 0002/100 reward=0.500 pass@1=0.000 clip=0.000 |post_move|=0.0051 grad=0.0000 loss=0.0000
Update 0003/100 reward=0.750 pass@1=0.500 clip=0.000 |post_move|=0.0044 grad=6.4459 loss=0.0027
Update 0004/100 reward=0.750 pass@1=0.500 clip=0.000 |post_move|=0.0054 grad=4.4461 loss=-0.0006
Update 0005/100 reward=0.500 pass@1=0.000 clip=0.000 |post_move|=0.0033 grad=0.0000 loss=0.0000
Update 0006/100 reward=0.400 pass@1=0.000 clip=0.000 |post_move|=0.0049 grad=4.5795 loss=-0.0002
Update 0007/100 reward=0.625 pass@1=0.250 clip=0.000 |post_move|=0.0035 grad=6.5437 loss=0.0007
Update 0008/100 reward=0.875 pass@1=0.750 clip=0.000 |post_move|=0.0054 grad=5.2473 loss=0.0002
Update 0009/100 reward=0.750 pass@1=0.500 clip=0.000 |post_move|=0.0069 grad=5.9129 loss=-0.0011
Update 0010/100 reward=0.650 pass@1=0.500 clip=0.000 |post_move|=0.0034 grad=6.6698 loss=0.0007
Update 0011/100 reward=0.750 pass@1=0.500 clip=0.000 |post_move|=0.0025 grad=6.3672 loss=0.0004
Update 0012/100 reward=0.525 pass@1=0.250 clip=0.000 |post_move|=0.0067 grad=8.5527 loss=-0.0019
Update 0013/100 reward=0.500 pass@1=0.000 clip=0.000 |post_move|=0.0029 grad=0.0000 loss=0.0000
Update 0014/100 reward=0.875 pass@1=0.750 clip=0.000 |post_move|=0.0034 grad=6.5615 loss=-0.0006
Update 0015/100 reward=0.750 pass@1=0.500 clip=0.000 |post_move|=0.0047 grad=8.0738 loss=-0.0004
Update 0016/100 reward=0.750 pass@1=0.500 clip=0.000 |post_move|=0.0015 grad=7.6227 loss=0.0001
Update 0017/100 reward=0.625 pass@1=0.250 clip=0.000 |post_move|=0.0039 grad=11.0737 loss=0.0004
Update 0018/100 reward=0.625 pass@1=0.250 clip=0.000 |post_move|=0.0017 grad=4.7189 loss=0.0005
Update 0019/100 reward=0.750 pass@1=0.500 clip=0.015 |post_move|=0.0062 grad=11.4712 loss=0.0014
Update 0020/100 reward=0.650 pass@1=0.500 clip=0.000 |post_move|=0.0020 grad=6.8545 loss=-0.0003
Update 0021/100 reward=0.750 pass@1=0.500 clip=0.000 |post_move|=0.0021 grad=5.2444 loss=0.0001
Update 0022/100 reward=0.750 pass@1=0.500 clip=0.000 |post_move|=0.0021 grad=7.9526 loss=-0.0001
Update 0023/100 reward=0.750 pass@1=0.500 clip=0.000 |post_move|=0.0019 grad=5.6974 loss=0.0002
Update 0024/100 reward=0.750 pass@1=0.500 clip=0.000 |post_move|=0.0037 grad=5.3761 loss=0.0000
Update 0025/100 reward=0.875 pass@1=0.750 clip=0.000 |post_move|=0.0021 grad=5.8863 loss=0.0002
Update 0026/100 reward=0.525 pass@1=0.250 clip=0.000 |post_move|=0.0023 grad=7.4222 loss=-0.0001
Update 0027/100 reward=0.625 pass@1=0.250 clip=0.000 |post_move|=0.0026 grad=6.4009 loss=-0.0003
Update 0028/100 reward=0.750 pass@1=0.500 clip=0.000 |post_move|=0.0025 grad=7.1462 loss=0.0000
Update 0029/100 reward=0.750 pass@1=0.500 clip=0.000 |post_move|=0.0029 grad=4.9654 loss=0.0010
Update 0030/100 reward=0.750 pass@1=0.500 clip=0.000 |post_move|=0.0028 grad=4.5505 loss=0.0001
Update 0031/100 reward=0.625 pass@1=0.250 clip=0.000 |post_move|=0.0015 grad=6.9161 loss=0.0004
Update 0032/100 reward=0.875 pass@1=0.750 clip=0.000 |post_move|=0.0009 grad=5.1700 loss=0.0001
Update 0033/100 reward=0.500 pass@1=0.000 clip=0.000 |post_move|=0.0016 grad=0.0000 loss=0.0000
Update 0034/100 reward=0.500 pass@1=0.000 clip=0.000 |post_move|=0.0017 grad=0.0000 loss=0.0000
Update 0035/100 reward=0.500 pass@1=0.000 clip=0.000 |post_move|=0.0008 grad=0.0000 loss=0.0000
Update 0036/100 reward=0.750 pass@1=0.500 clip=0.000 |post_move|=0.0025 grad=7.4103 loss=-0.0001
Update 0037/100 reward=0.750 pass@1=0.500 clip=0.000 |post_move|=0.0012 grad=6.6963 loss=-0.0001
Update 0038/100 reward=0.875 pass@1=0.750 clip=0.000 |post_move|=0.0012 grad=6.5147 loss=0.0009
Update 0039/100 reward=0.500 pass@1=0.000 clip=0.000 |post_move|=0.0017 grad=0.0000 loss=0.0000
Update 0040/100 reward=0.750 pass@1=0.500 clip=0.000 |post_move|=0.0017 grad=5.3154 loss=-0.0003
Update 0041/100 reward=0.875 pass@1=0.750 clip=0.000 |post_move|=0.0013 grad=4.9081 loss=0.0000
Update 0042/100 reward=0.500 pass@1=0.000 clip=0.000 |post_move|=0.0017 grad=0.0000 loss=0.0000
Update 0043/100 reward=0.400 pass@1=0.000 clip=0.000 |post_move|=0.0016 grad=8.6620 loss=0.0008
Update 0044/100 reward=0.750 pass@1=0.500 clip=0.000 |post_move|=0.0023 grad=7.1857 loss=-0.0005
Update 0045/100 reward=0.875 pass@1=0.750 clip=0.000 |post_move|=0.0025 grad=8.2745 loss=-0.0001
Update 0046/100 reward=0.750 pass@1=0.500 clip=0.000 |post_move|=0.0042 grad=7.3597 loss=0.0000
Update 0047/100 reward=0.750 pass@1=0.500 clip=0.000 |post_move|=0.0039 grad=4.6791 loss=-0.0003
Update 0048/100 reward=0.625 pass@1=0.250 clip=0.000 |post_move|=0.0009 grad=5.4149 loss=-0.0001
Update 0049/100 reward=0.650 pass@1=0.500 clip=0.000 |post_move|=0.0024 grad=7.4183 loss=0.0010
Update 0050/100 reward=0.500 pass@1=0.000 clip=0.000 |post_move|=0.0022 grad=0.0000 loss=0.0000
Update 0051/100 reward=0.625 pass@1=0.250 clip=0.000 |post_move|=0.0028 grad=5.3726 loss=0.0002
Update 0052/100 reward=0.750 pass@1=0.500 clip=0.000 |post_move|=0.0013 grad=4.9949 loss=0.0001
Update 0053/100 reward=0.625 pass@1=0.250 clip=0.000 |post_move|=0.0015 grad=6.1740 loss=0.0003
Update 0054/100 reward=1.000 pass@1=1.000 clip=0.000 |post_move|=0.0015 grad=0.0000 loss=0.0000
Update 0055/100 reward=0.875 pass@1=0.750 clip=0.000 |post_move|=0.0029 grad=7.6038 loss=0.0004
Update 0056/100 reward=0.750 pass@1=0.500 clip=0.000 |post_move|=0.0011 grad=9.3885 loss=0.0003
Update 0057/100 reward=0.625 pass@1=0.250 clip=0.000 |post_move|=0.0008 grad=5.7743 loss=0.0000
Update 0058/100 reward=0.750 pass@1=0.500 clip=0.000 |post_move|=0.0015 grad=7.6331 loss=0.0003
Update 0059/100 reward=0.750 pass@1=0.500 clip=0.000 |post_move|=0.0018 grad=7.1461 loss=0.0005
Update 0060/100 reward=0.875 pass@1=0.750 clip=0.000 |post_move|=0.0015 grad=7.5588 loss=0.0002
Update 0061/100 reward=1.000 pass@1=1.000 clip=0.000 |post_move|=0.0009 grad=0.0000 loss=0.0000
Update 0062/100 reward=0.875 pass@1=0.750 clip=0.000 |post_move|=0.0010 grad=6.5657 loss=0.0002
Update 0063/100 reward=1.000 pass@1=1.000 clip=0.000 |post_move|=0.0010 grad=0.0000 loss=0.0000
Update 0064/100 reward=0.650 pass@1=0.500 clip=0.000 |post_move|=0.0015 grad=5.0134 loss=-0.0001
Update 0065/100 reward=0.625 pass@1=0.250 clip=0.000 |post_move|=0.0052 grad=6.0186 loss=-0.0004
Update 0066/100 reward=0.750 pass@1=0.500 clip=0.000 |post_move|=0.0024 grad=5.3219 loss=-0.0000
Update 0067/100 reward=0.875 pass@1=0.750 clip=0.000 |post_move|=0.0056 grad=12.6353 loss=-0.0005
Update 0068/100 reward=0.750 pass@1=0.500 clip=0.000 |post_move|=0.0047 grad=6.5633 loss=-0.0013
Update 0069/100 reward=0.500 pass@1=0.000 clip=0.000 |post_move|=0.0013 grad=0.0000 loss=0.0000
Update 0070/100 reward=0.750 pass@1=0.500 clip=0.000 |post_move|=0.0025 grad=4.9701 loss=0.0004
Update 0071/100 reward=0.625 pass@1=0.250 clip=0.000 |post_move|=0.0048 grad=7.3307 loss=-0.0006
Update 0072/100 reward=0.875 pass@1=0.750 clip=0.000 |post_move|=0.0017 grad=5.7413 loss=0.0003
Update 0073/100 reward=0.625 pass@1=0.250 clip=0.000 |post_move|=0.0021 grad=6.1837 loss=-0.0003
Update 0074/100 reward=0.750 pass@1=0.500 clip=0.000 |post_move|=0.0025 grad=6.5356 loss=-0.0006
Update 0075/100 reward=0.750 pass@1=0.500 clip=0.000 |post_move|=0.0022 grad=4.5659 loss=0.0002
Update 0076/100 reward=0.625 pass@1=0.250 clip=0.000 |post_move|=0.0016 grad=6.1387 loss=0.0001
Update 0077/100 reward=0.775 pass@1=0.750 clip=0.000 |post_move|=0.0024 grad=6.6336 loss=0.0003
Update 0078/100 reward=0.400 pass@1=0.000 clip=0.000 |post_move|=0.0023 grad=4.9759 loss=-0.0003
Update 0079/100 reward=0.625 pass@1=0.250 clip=0.012 |post_move|=0.0066 grad=7.5366 loss=-0.0005
Update 0080/100 reward=0.650 pass@1=0.500 clip=0.000 |post_move|=0.0041 grad=6.3296 loss=-0.0008
Update 0081/100 reward=0.625 pass@1=0.250 clip=0.000 |post_move|=0.0034 grad=8.2746 loss=0.0004
Update 0082/100 reward=0.625 pass@1=0.250 clip=0.000 |post_move|=0.0056 grad=9.1395 loss=-0.0004
Update 0083/100 reward=0.625 pass@1=0.250 clip=0.000 |post_move|=0.0012 grad=5.6790 loss=-0.0001
Update 0084/100 reward=0.750 pass@1=0.500 clip=0.000 |post_move|=0.0028 grad=5.8050 loss=-0.0005
Update 0085/100 reward=0.625 pass@1=0.250 clip=0.000 |post_move|=0.0028 grad=8.0888 loss=0.0006
Update 0086/100 reward=0.875 pass@1=0.750 clip=0.000 |post_move|=0.0031 grad=7.3232 loss=0.0010
Update 0087/100 reward=0.750 pass@1=0.500 clip=0.000 |post_move|=0.0021 grad=5.3903 loss=-0.0001
Update 0088/100 reward=0.750 pass@1=0.500 clip=0.000 |post_move|=0.0013 grad=5.4681 loss=0.0007
Update 0089/100 reward=0.625 pass@1=0.250 clip=0.000 |post_move|=0.0009 grad=6.0598 loss=0.0003
Update 0090/100 reward=0.625 pass@1=0.250 clip=0.000 |post_move|=0.0018 grad=7.0805 loss=0.0002
Update 0091/100 reward=0.875 pass@1=0.750 clip=0.000 |post_move|=0.0014 grad=8.8506 loss=0.0002
Update 0092/100 reward=0.875 pass@1=0.750 clip=0.000 |post_move|=0.0028 grad=6.9589 loss=-0.0005
Update 0093/100 reward=0.625 pass@1=0.250 clip=0.000 |post_move|=0.0032 grad=6.5176 loss=-0.0004
Update 0094/100 reward=0.750 pass@1=0.500 clip=0.000 |post_move|=0.0023 grad=8.2531 loss=0.0003
Update 0095/100 reward=0.750 pass@1=0.500 clip=0.000 |post_move|=0.0028 grad=7.5087 loss=-0.0001
Update 0096/100 reward=0.625 pass@1=0.250 clip=0.000 |post_move|=0.0023 grad=6.3333 loss=-0.0008
Update 0097/100 reward=0.625 pass@1=0.250 clip=0.000 |post_move|=0.0048 grad=7.9745 loss=-0.0004
Update 0098/100 reward=0.750 pass@1=0.500 clip=0.000 |post_move|=0.0037 grad=6.3029 loss=-0.0005
Update 0099/100 reward=0.625 pass@1=0.250 clip=0.000 |post_move|=0.0042 grad=7.0014 loss=-0.0001
Update 0100/100 reward=0.525 pass@1=0.250 clip=0.000 |post_move|=0.0046 grad=8.9388 loss=-0.0001
Logs saved to outputs/live_ppo/live_ppo_stale_wikisql_seed0/logs.json
Figure saved to outputs/live_ppo/live_ppo_stale_wikisql_seed0/metrics.png
==> Running: stale L=2, seed=1 (Mon May  4 02:16:08 AM EDT 2026)
Using device: cuda
Condition: stale  Task: wikisql  Seed: 1
Using max_new_tokens=64 for WikiSQL
Loading WikiSQL train dataset (2000 examples)...
Loading WikiSQL tables from /home/hice1/jchen3392/Sync-Or-Sink/scripts/../data/data...
Loaded 18585 tables
Loading WikiSQL examples...
Loaded 56355 examples
Loading WikiSQL eval dataset (200 examples)...
Loading WikiSQL tables from /home/hice1/jchen3392/Sync-Or-Sink/scripts/../data/data...
Loaded 2716 tables
Loading WikiSQL examples...
Loaded 8421 examples
Loading learner policy...
Loading checkpoint from outputs/checkpoints/wikisql_sft/checkpoint.pt...
Checkpoint loaded successfully
Loading actor policy...
Update 0001/100 reward=0.750 pass@1=0.500 clip=0.000 |post_move|=0.0090 grad=6.8841 loss=0.0000
Update 0002/100 reward=0.625 pass@1=0.250 clip=0.015 |post_move|=0.0123 grad=11.8623 loss=-0.0007
Update 0003/100 reward=0.625 pass@1=0.250 clip=0.000 |post_move|=0.0119 grad=7.2866 loss=0.0028
Update 0004/100 reward=0.875 pass@1=0.750 clip=0.000 |post_move|=0.0033 grad=6.3301 loss=-0.0007
Update 0005/100 reward=0.625 pass@1=0.250 clip=0.000 |post_move|=0.0066 grad=3.9341 loss=-0.0002
Update 0006/100 reward=0.875 pass@1=0.750 clip=0.000 |post_move|=0.0079 grad=10.4254 loss=-0.0021
Update 0007/100 reward=0.625 pass@1=0.250 clip=0.000 |post_move|=0.0053 grad=5.9239 loss=0.0003
Update 0008/100 reward=0.750 pass@1=0.500 clip=0.000 |post_move|=0.0086 grad=7.2307 loss=-0.0023
Update 0009/100 reward=0.525 pass@1=0.250 clip=0.000 |post_move|=0.0050 grad=7.7859 loss=0.0008
Update 0010/100 reward=0.500 pass@1=0.000 clip=0.000 |post_move|=0.0041 grad=0.0000 loss=0.0000
Update 0011/100 reward=0.750 pass@1=0.500 clip=0.000 |post_move|=0.0033 grad=4.2304 loss=-0.0002
Update 0012/100 reward=0.500 pass@1=0.000 clip=0.000 |post_move|=0.0042 grad=0.0000 loss=0.0000
Update 0013/100 reward=1.000 pass@1=1.000 clip=0.000 |post_move|=0.0020 grad=0.0000 loss=0.0000
Update 0014/100 reward=0.625 pass@1=0.250 clip=0.000 |post_move|=0.0024 grad=6.8364 loss=0.0014
Update 0015/100 reward=0.625 pass@1=0.250 clip=0.000 |post_move|=0.0019 grad=5.0620 loss=0.0002
Update 0016/100 reward=0.625 pass@1=0.250 clip=0.000 |post_move|=0.0028 grad=6.6490 loss=0.0001
Update 0017/100 reward=0.750 pass@1=0.500 clip=0.000 |post_move|=0.0065 grad=7.2266 loss=-0.0006
Update 0018/100 reward=0.625 pass@1=0.250 clip=0.000 |post_move|=0.0030 grad=4.6231 loss=-0.0001
Update 0019/100 reward=1.000 pass@1=1.000 clip=0.000 |post_move|=0.0052 grad=0.0000 loss=0.0000
Update 0020/100 reward=0.775 pass@1=0.750 clip=0.000 |post_move|=0.0038 grad=5.9883 loss=0.0003
Update 0021/100 reward=0.500 pass@1=0.000 clip=0.000 |post_move|=0.0014 grad=0.0000 loss=0.0000
Update 0022/100 reward=0.875 pass@1=0.750 clip=0.000 |post_move|=0.0032 grad=6.3683 loss=0.0009
Update 0023/100 reward=0.650 pass@1=0.500 clip=0.000 |post_move|=0.0021 grad=5.2330 loss=0.0003
Update 0024/100 reward=0.750 pass@1=0.500 clip=0.000 |post_move|=0.0018 grad=6.4083 loss=0.0007
Update 0025/100 reward=0.525 pass@1=0.250 clip=0.000 |post_move|=0.0029 grad=8.2879 loss=-0.0003
Update 0026/100 reward=0.300 pass@1=0.000 clip=0.000 |post_move|=0.0019 grad=6.7167 loss=0.0001
Update 0027/100 reward=0.750 pass@1=0.500 clip=0.000 |post_move|=0.0005 grad=5.5396 loss=0.0003
Update 0028/100 reward=0.625 pass@1=0.250 clip=0.000 |post_move|=0.0027 grad=6.8719 loss=-0.0001
Update 0029/100 reward=0.500 pass@1=0.000 clip=0.000 |post_move|=0.0015 grad=0.0000 loss=0.0000
Update 0030/100 reward=1.000 pass@1=1.000 clip=0.000 |post_move|=0.0014 grad=0.0000 loss=0.0000
Update 0031/100 reward=0.875 pass@1=0.750 clip=0.000 |post_move|=0.0024 grad=3.9328 loss=-0.0000
Update 0032/100 reward=0.525 pass@1=0.250 clip=0.000 |post_move|=0.0025 grad=7.0957 loss=0.0002
Update 0033/100 reward=0.750 pass@1=0.500 clip=0.000 |post_move|=0.0020 grad=7.3064 loss=0.0002
Update 0034/100 reward=0.400 pass@1=0.000 clip=0.000 |post_move|=0.0033 grad=5.2723 loss=-0.0005
Update 0035/100 reward=0.650 pass@1=0.500 clip=0.000 |post_move|=0.0040 grad=5.2943 loss=-0.0002
Update 0036/100 reward=0.625 pass@1=0.250 clip=0.000 |post_move|=0.0055 grad=10.1136 loss=0.0001
Update 0037/100 reward=0.875 pass@1=0.750 clip=0.000 |post_move|=0.0038 grad=6.5177 loss=0.0012
Update 0038/100 reward=0.625 pass@1=0.250 clip=0.000 |post_move|=0.0027 grad=6.4282 loss=0.0003
Update 0039/100 reward=0.625 pass@1=0.250 clip=0.000 |post_move|=0.0028 grad=7.2089 loss=-0.0001
Update 0040/100 reward=0.750 pass@1=0.500 clip=0.000 |post_move|=0.0037 grad=8.6726 loss=-0.0002
Update 0041/100 reward=0.750 pass@1=0.500 clip=0.000 |post_move|=0.0017 grad=3.5378 loss=-0.0001
Update 0042/100 reward=0.625 pass@1=0.250 clip=0.000 |post_move|=0.0030 grad=8.7821 loss=0.0005
Update 0043/100 reward=0.625 pass@1=0.250 clip=0.000 |post_move|=0.0033 grad=5.1877 loss=-0.0010
Update 0044/100 reward=0.750 pass@1=0.500 clip=0.000 |post_move|=0.0045 grad=8.2896 loss=0.0000
Update 0045/100 reward=0.750 pass@1=0.500 clip=0.000 |post_move|=0.0020 grad=7.7384 loss=-0.0005
Update 0046/100 reward=0.625 pass@1=0.250 clip=0.000 |post_move|=0.0024 grad=7.0293 loss=0.0007
Update 0047/100 reward=0.500 pass@1=0.000 clip=0.000 |post_move|=0.0036 grad=0.0000 loss=0.0000
Update 0048/100 reward=0.875 pass@1=0.750 clip=0.000 |post_move|=0.0040 grad=7.3240 loss=-0.0003
Update 0049/100 reward=0.500 pass@1=0.000 clip=0.000 |post_move|=0.0044 grad=0.0000 loss=0.0000
Update 0050/100 reward=0.875 pass@1=0.750 clip=0.000 |post_move|=0.0032 grad=9.0311 loss=-0.0006
Update 0051/100 reward=0.750 pass@1=0.500 clip=0.000 |post_move|=0.0028 grad=7.6130 loss=0.0004
Update 0052/100 reward=0.625 pass@1=0.250 clip=0.000 |post_move|=0.0036 grad=7.1818 loss=-0.0004
Update 0053/100 reward=0.400 pass@1=0.000 clip=0.000 |post_move|=0.0015 grad=7.1324 loss=-0.0000
Update 0054/100 reward=0.650 pass@1=0.500 clip=0.000 |post_move|=0.0027 grad=4.2653 loss=-0.0001
Update 0055/100 reward=1.000 pass@1=1.000 clip=0.000 |post_move|=0.0017 grad=0.0000 loss=0.0000
Update 0056/100 reward=0.750 pass@1=0.500 clip=0.000 |post_move|=0.0033 grad=6.4492 loss=-0.0005
Update 0057/100 reward=1.000 pass@1=1.000 clip=0.000 |post_move|=0.0013 grad=0.0000 loss=0.0000
Update 0058/100 reward=0.300 pass@1=0.000 clip=0.000 |post_move|=0.0062 grad=7.6533 loss=0.0006
Update 0059/100 reward=1.000 pass@1=1.000 clip=0.000 |post_move|=0.0027 grad=0.0000 loss=0.0000
Update 0060/100 reward=0.625 pass@1=0.250 clip=0.000 |post_move|=0.0016 grad=8.4389 loss=-0.0001
Update 0061/100 reward=0.750 pass@1=0.500 clip=0.000 |post_move|=0.0017 grad=10.8441 loss=-0.0003
Update 0062/100 reward=0.500 pass@1=0.000 clip=0.000 |post_move|=0.0010 grad=0.0000 loss=0.0000
Update 0063/100 reward=0.625 pass@1=0.250 clip=0.000 |post_move|=0.0027 grad=5.6041 loss=-0.0000
Update 0064/100 reward=0.750 pass@1=0.500 clip=0.000 |post_move|=0.0015 grad=5.4815 loss=-0.0000
Update 0065/100 reward=0.500 pass@1=0.000 clip=0.000 |post_move|=0.0011 grad=0.0000 loss=0.0000
Update 0066/100 reward=0.625 pass@1=0.250 clip=0.000 |post_move|=0.0015 grad=7.0079 loss=0.0006
Update 0067/100 reward=0.625 pass@1=0.250 clip=0.000 |post_move|=0.0036 grad=6.9022 loss=-0.0000
Update 0068/100 reward=0.875 pass@1=0.750 clip=0.000 |post_move|=0.0007 grad=9.3956 loss=0.0002
Update 0069/100 reward=0.525 pass@1=0.250 clip=0.000 |post_move|=0.0036 grad=7.2674 loss=-0.0001
Update 0070/100 reward=0.625 pass@1=0.250 clip=0.000 |post_move|=0.0013 grad=8.5689 loss=0.0001
Update 0071/100 reward=0.750 pass@1=0.500 clip=0.000 |post_move|=0.0027 grad=5.7650 loss=-0.0009
Update 0072/100 reward=0.650 pass@1=0.500 clip=0.000 |post_move|=0.0029 grad=5.8575 loss=0.0005
Update 0073/100 reward=0.875 pass@1=0.750 clip=0.000 |post_move|=0.0037 grad=7.7783 loss=-0.0002
Update 0074/100 reward=0.625 pass@1=0.250 clip=0.000 |post_move|=0.0036 grad=8.7029 loss=0.0000
Update 0075/100 reward=0.500 pass@1=0.000 clip=0.000 |post_move|=0.0034 grad=0.0000 loss=0.0000
Update 0076/100 reward=0.875 pass@1=0.750 clip=0.000 |post_move|=0.0034 grad=9.3124 loss=-0.0002
Update 0077/100 reward=0.650 pass@1=0.500 clip=0.000 |post_move|=0.0034 grad=7.4678 loss=0.0001
Update 0078/100 reward=0.875 pass@1=0.750 clip=0.000 |post_move|=0.0028 grad=8.4002 loss=-0.0003
Update 0079/100 reward=0.425 pass@1=0.250 clip=0.000 |post_move|=0.0036 grad=9.2675 loss=0.0001
Update 0080/100 reward=0.500 pass@1=0.000 clip=0.000 |post_move|=0.0016 grad=0.0000 loss=0.0000
Update 0081/100 reward=0.625 pass@1=0.250 clip=0.000 |post_move|=0.0031 grad=5.3802 loss=-0.0005
Update 0082/100 reward=0.500 pass@1=0.000 clip=0.000 |post_move|=0.0026 grad=0.0000 loss=0.0000
Update 0083/100 reward=0.750 pass@1=0.500 clip=0.000 |post_move|=0.0039 grad=6.7474 loss=0.0004
Update 0084/100 reward=0.750 pass@1=0.500 clip=0.000 |post_move|=0.0022 grad=5.7471 loss=0.0003
Update 0085/100 reward=1.000 pass@1=1.000 clip=0.000 |post_move|=0.0018 grad=0.0000 loss=0.0000
Update 0086/100 reward=0.400 pass@1=0.000 clip=0.000 |post_move|=0.0028 grad=4.6309 loss=-0.0001
Update 0087/100 reward=0.875 pass@1=0.750 clip=0.000 |post_move|=0.0020 grad=6.5210 loss=0.0011
Update 0088/100 reward=0.750 pass@1=0.500 clip=0.000 |post_move|=0.0041 grad=6.1571 loss=0.0001
Update 0089/100 reward=0.625 pass@1=0.250 clip=0.000 |post_move|=0.0010 grad=6.4749 loss=0.0002
Update 0090/100 reward=0.875 pass@1=0.750 clip=0.000 |post_move|=0.0019 grad=7.5697 loss=-0.0001
Update 0091/100 reward=0.750 pass@1=0.500 clip=0.000 |post_move|=0.0020 grad=5.4525 loss=-0.0001
Update 0092/100 reward=0.750 pass@1=0.500 clip=0.000 |post_move|=0.0014 grad=9.3169 loss=0.0005
Update 0093/100 reward=0.750 pass@1=0.500 clip=0.000 |post_move|=0.0018 grad=6.6478 loss=0.0013
Update 0094/100 reward=0.875 pass@1=0.750 clip=0.000 |post_move|=0.0020 grad=9.8596 loss=0.0000
Update 0095/100 reward=0.750 pass@1=0.500 clip=0.000 |post_move|=0.0021 grad=4.6170 loss=-0.0001
Update 0096/100 reward=0.750 pass@1=0.500 clip=0.000 |post_move|=0.0013 grad=5.7727 loss=0.0001
Update 0097/100 reward=0.750 pass@1=0.500 clip=0.000 |post_move|=0.0016 grad=8.2439 loss=0.0003
Update 0098/100 reward=0.425 pass@1=0.250 clip=0.000 |post_move|=0.0035 grad=7.9409 loss=-0.0001
Update 0099/100 reward=0.750 pass@1=0.500 clip=0.000 |post_move|=0.0020 grad=6.5977 loss=-0.0000
Update 0100/100 reward=0.650 pass@1=0.500 clip=0.000 |post_move|=0.0032 grad=8.6358 loss=-0.0010
Logs saved to outputs/live_ppo/live_ppo_stale_wikisql_seed1/logs.json
Figure saved to outputs/live_ppo/live_ppo_stale_wikisql_seed1/metrics.png
==> Running: stale L=2, seed=2 (Mon May  4 02:19:36 AM EDT 2026)
Using device: cuda
Condition: stale  Task: wikisql  Seed: 2
Using max_new_tokens=64 for WikiSQL
Loading WikiSQL train dataset (2000 examples)...
Loading WikiSQL tables from /home/hice1/jchen3392/Sync-Or-Sink/scripts/../data/data...
Loaded 18585 tables
Loading WikiSQL examples...
Loaded 56355 examples
Loading WikiSQL eval dataset (200 examples)...
Loading WikiSQL tables from /home/hice1/jchen3392/Sync-Or-Sink/scripts/../data/data...
Loaded 2716 tables
Loading WikiSQL examples...
Loaded 8421 examples
Loading learner policy...
Loading checkpoint from outputs/checkpoints/wikisql_sft/checkpoint.pt...
Checkpoint loaded successfully
Loading actor policy...
Update 0001/100 reward=0.625 pass@1=0.250 clip=0.012 |post_move|=0.0128 grad=7.0415 loss=-0.0000
Update 0002/100 reward=0.750 pass@1=0.500 clip=0.000 |post_move|=0.0059 grad=7.1844 loss=0.0008
Update 0003/100 reward=0.750 pass@1=0.500 clip=0.000 |post_move|=0.0106 grad=9.1056 loss=0.0011
Update 0004/100 reward=0.625 pass@1=0.250 clip=0.000 |post_move|=0.0071 grad=7.7375 loss=-0.0013
Update 0005/100 reward=0.650 pass@1=0.500 clip=0.000 |post_move|=0.0060 grad=5.7830 loss=-0.0003
Update 0006/100 reward=0.750 pass@1=0.500 clip=0.000 |post_move|=0.0039 grad=5.4897 loss=0.0010
Update 0007/100 reward=0.875 pass@1=0.750 clip=0.000 |post_move|=0.0038 grad=6.3024 loss=-0.0000
Update 0008/100 reward=0.750 pass@1=0.500 clip=0.000 |post_move|=0.0041 grad=7.9542 loss=-0.0004
Update 0009/100 reward=0.525 pass@1=0.250 clip=0.000 |post_move|=0.0022 grad=6.1461 loss=0.0001
Update 0010/100 reward=0.625 pass@1=0.250 clip=0.000 |post_move|=0.0023 grad=6.0060 loss=-0.0001
Update 0011/100 reward=0.750 pass@1=0.500 clip=0.000 |post_move|=0.0069 grad=7.9670 loss=-0.0008
Update 0012/100 reward=0.875 pass@1=0.750 clip=0.000 |post_move|=0.0028 grad=6.4411 loss=-0.0001
Update 0013/100 reward=0.750 pass@1=0.500 clip=0.000 |post_move|=0.0026 grad=4.6735 loss=0.0001
Update 0014/100 reward=0.500 pass@1=0.000 clip=0.000 |post_move|=0.0036 grad=0.0000 loss=0.0000
Update 0015/100 reward=1.000 pass@1=1.000 clip=0.000 |post_move|=0.0029 grad=0.0000 loss=0.0000
Update 0016/100 reward=0.650 pass@1=0.500 clip=0.000 |post_move|=0.0030 grad=5.1655 loss=0.0002
Update 0017/100 reward=1.000 pass@1=1.000 clip=0.000 |post_move|=0.0019 grad=0.0000 loss=0.0000
Update 0018/100 reward=0.875 pass@1=0.750 clip=0.000 |post_move|=0.0021 grad=6.9150 loss=-0.0001
Update 0019/100 reward=0.625 pass@1=0.250 clip=0.000 |post_move|=0.0047 grad=6.9742 loss=-0.0006
Update 0020/100 reward=0.500 pass@1=0.000 clip=0.000 |post_move|=0.0031 grad=0.0000 loss=0.0000
Update 0021/100 reward=0.525 pass@1=0.250 clip=0.000 |post_move|=0.0047 grad=5.4806 loss=0.0000
Update 0022/100 reward=0.500 pass@1=0.000 clip=0.000 |post_move|=0.0027 grad=0.0000 loss=0.0000
Update 0023/100 reward=0.875 pass@1=0.750 clip=0.000 |post_move|=0.0029 grad=6.4509 loss=0.0001
Update 0024/100 reward=0.750 pass@1=0.500 clip=0.000 |post_move|=0.0022 grad=10.5843 loss=-0.0005
Update 0025/100 reward=0.750 pass@1=0.500 clip=0.000 |post_move|=0.0030 grad=5.8392 loss=0.0001
Update 0026/100 reward=0.875 pass@1=0.750 clip=0.000 |post_move|=0.0019 grad=6.5290 loss=0.0002
Update 0027/100 reward=0.400 pass@1=0.000 clip=0.000 |post_move|=0.0027 grad=6.2882 loss=0.0008
Update 0028/100 reward=0.875 pass@1=0.750 clip=0.000 |post_move|=0.0019 grad=6.6318 loss=0.0008
Update 0029/100 reward=0.875 pass@1=0.750 clip=0.000 |post_move|=0.0019 grad=6.8212 loss=-0.0006
Update 0030/100 reward=0.750 pass@1=0.500 clip=0.000 |post_move|=0.0011 grad=8.6406 loss=-0.0002
Update 0031/100 reward=0.625 pass@1=0.250 clip=0.000 |post_move|=0.0022 grad=5.7143 loss=-0.0003
Update 0032/100 reward=0.750 pass@1=0.500 clip=0.000 |post_move|=0.0044 grad=9.1353 loss=-0.0010
Update 0033/100 reward=0.750 pass@1=0.500 clip=0.000 |post_move|=0.0028 grad=5.4121 loss=-0.0001
Update 0034/100 reward=0.625 pass@1=0.250 clip=0.000 |post_move|=0.0035 grad=7.0345 loss=0.0000
Update 0035/100 reward=0.525 pass@1=0.250 clip=0.000 |post_move|=0.0053 grad=6.6527 loss=0.0001
Update 0036/100 reward=0.625 pass@1=0.250 clip=0.000 |post_move|=0.0019 grad=6.0255 loss=-0.0001
Update 0037/100 reward=0.775 pass@1=0.750 clip=0.000 |post_move|=0.0027 grad=5.6468 loss=-0.0002
Update 0038/100 reward=0.750 pass@1=0.500 clip=0.000 |post_move|=0.0034 grad=7.4898 loss=0.0003
Update 0039/100 reward=0.750 pass@1=0.500 clip=0.000 |post_move|=0.0023 grad=6.4754 loss=-0.0005
Update 0040/100 reward=0.750 pass@1=0.500 clip=0.000 |post_move|=0.0020 grad=5.1406 loss=0.0005
Update 0041/100 reward=0.650 pass@1=0.500 clip=0.000 |post_move|=0.0054 grad=5.8839 loss=-0.0008
Update 0042/100 reward=0.525 pass@1=0.250 clip=0.000 |post_move|=0.0017 grad=5.6077 loss=-0.0002
Update 0043/100 reward=0.550 pass@1=0.500 clip=0.000 |post_move|=0.0029 grad=6.5853 loss=0.0006
Update 0044/100 reward=0.875 pass@1=0.750 clip=0.000 |post_move|=0.0053 grad=4.9812 loss=-0.0006
Update 0045/100 reward=0.625 pass@1=0.250 clip=0.000 |post_move|=0.0027 grad=3.7028 loss=-0.0002
Update 0046/100 reward=0.875 pass@1=0.750 clip=0.000 |post_move|=0.0034 grad=7.7625 loss=0.0003
Update 0047/100 reward=0.750 pass@1=0.500 clip=0.000 |post_move|=0.0064 grad=4.0190 loss=-0.0005
Update 0048/100 reward=0.525 pass@1=0.250 clip=0.000 |post_move|=0.0045 grad=7.1184 loss=-0.0006
Update 0049/100 reward=0.400 pass@1=0.000 clip=0.000 |post_move|=0.0060 grad=4.2743 loss=-0.0006
Update 0050/100 reward=0.400 pass@1=0.000 clip=0.000 |post_move|=0.0063 grad=3.8996 loss=-0.0010
Update 0051/100 reward=0.875 pass@1=0.750 clip=0.000 |post_move|=0.0082 grad=6.5519 loss=-0.0012
Update 0052/100 reward=0.625 pass@1=0.250 clip=0.000 |post_move|=0.0038 grad=4.8481 loss=0.0004
Update 0053/100 reward=0.625 pass@1=0.250 clip=0.000 |post_move|=0.0027 grad=4.5824 loss=0.0004
Update 0054/100 reward=0.650 pass@1=0.500 clip=0.000 |post_move|=0.0036 grad=7.1742 loss=-0.0002
Update 0055/100 reward=0.625 pass@1=0.250 clip=0.000 |post_move|=0.0057 grad=6.4457 loss=-0.0009
Update 0056/100 reward=0.625 pass@1=0.250 clip=0.000 |post_move|=0.0036 grad=8.5074 loss=0.0009
Update 0057/100 reward=0.875 pass@1=0.750 clip=0.000 |post_move|=0.0026 grad=9.6206 loss=0.0021
Update 0058/100 reward=0.750 pass@1=0.500 clip=0.000 |post_move|=0.0028 grad=4.7495 loss=0.0004
Update 0059/100 reward=0.750 pass@1=0.500 clip=0.000 |post_move|=0.0024 grad=6.3383 loss=-0.0002
Update 0060/100 reward=0.750 pass@1=0.500 clip=0.000 |post_move|=0.0059 grad=5.2382 loss=-0.0003
Update 0061/100 reward=0.650 pass@1=0.500 clip=0.000 |post_move|=0.0026 grad=6.2625 loss=0.0006
Update 0062/100 reward=0.875 pass@1=0.750 clip=0.000 |post_move|=0.0040 grad=10.1660 loss=-0.0005
Update 0063/100 reward=0.750 pass@1=0.500 clip=0.000 |post_move|=0.0029 grad=6.4495 loss=-0.0005
Update 0064/100 reward=0.625 pass@1=0.250 clip=0.000 |post_move|=0.0060 grad=6.4248 loss=0.0002
Update 0065/100 reward=0.625 pass@1=0.250 clip=0.000 |post_move|=0.0029 grad=7.9984 loss=0.0006
Update 0066/100 reward=0.500 pass@1=0.000 clip=0.000 |post_move|=0.0033 grad=0.0000 loss=0.0000
Update 0067/100 reward=0.750 pass@1=0.500 clip=0.000 |post_move|=0.0016 grad=6.3847 loss=0.0002
Update 0068/100 reward=0.400 pass@1=0.000 clip=0.000 |post_move|=0.0037 grad=6.5915 loss=-0.0003
Update 0069/100 reward=0.625 pass@1=0.250 clip=0.000 |post_move|=0.0028 grad=8.5717 loss=0.0001
Update 0070/100 reward=0.500 pass@1=0.000 clip=0.000 |post_move|=0.0029 grad=0.0000 loss=0.0000
Update 0071/100 reward=0.875 pass@1=0.750 clip=0.000 |post_move|=0.0042 grad=5.5455 loss=0.0004
Update 0072/100 reward=0.500 pass@1=0.000 clip=0.000 |post_move|=0.0016 grad=0.0000 loss=0.0000
Update 0073/100 reward=0.500 pass@1=0.000 clip=0.000 |post_move|=0.0021 grad=0.0000 loss=0.0000
Update 0074/100 reward=0.875 pass@1=0.750 clip=0.000 |post_move|=0.0016 grad=6.0735 loss=-0.0001
Update 0075/100 reward=1.000 pass@1=1.000 clip=0.000 |post_move|=0.0026 grad=0.0000 loss=0.0000
Update 0076/100 reward=0.625 pass@1=0.250 clip=0.000 |post_move|=0.0026 grad=9.1891 loss=0.0008
Update 0077/100 reward=0.750 pass@1=0.500 clip=0.000 |post_move|=0.0018 grad=6.4463 loss=0.0004
Update 0078/100 reward=0.875 pass@1=0.750 clip=0.000 |post_move|=0.0028 grad=6.0940 loss=0.0001
Update 0079/100 reward=0.525 pass@1=0.250 clip=0.000 |post_move|=0.0036 grad=5.0609 loss=-0.0001
Update 0080/100 reward=0.625 pass@1=0.250 clip=0.000 |post_move|=0.0018 grad=6.6688 loss=0.0001
Update 0081/100 reward=0.750 pass@1=0.500 clip=0.000 |post_move|=0.0029 grad=6.2815 loss=-0.0001
Update 0082/100 reward=0.750 pass@1=0.500 clip=0.000 |post_move|=0.0032 grad=7.4774 loss=0.0004
Update 0083/100 reward=1.000 pass@1=1.000 clip=0.000 |post_move|=0.0018 grad=0.0000 loss=0.0000
Update 0084/100 reward=0.750 pass@1=0.500 clip=0.000 |post_move|=0.0040 grad=6.6423 loss=-0.0005
Update 0085/100 reward=0.750 pass@1=0.500 clip=0.000 |post_move|=0.0025 grad=6.4629 loss=0.0001
Update 0086/100 reward=0.625 pass@1=0.250 clip=0.000 |post_move|=0.0027 grad=6.8141 loss=-0.0001
Update 0087/100 reward=0.525 pass@1=0.250 clip=0.000 |post_move|=0.0035 grad=6.7129 loss=0.0003
Update 0088/100 reward=0.875 pass@1=0.750 clip=0.000 |post_move|=0.0040 grad=8.3163 loss=-0.0001
Update 0089/100 reward=0.625 pass@1=0.250 clip=0.000 |post_move|=0.0028 grad=6.4777 loss=0.0001
Update 0090/100 reward=0.750 pass@1=0.500 clip=0.000 |post_move|=0.0043 grad=6.6959 loss=0.0011
Update 0091/100 reward=0.750 pass@1=0.500 clip=0.000 |post_move|=0.0021 grad=7.5854 loss=-0.0004
Update 0092/100 reward=0.875 pass@1=0.750 clip=0.000 |post_move|=0.0028 grad=3.4868 loss=-0.0001
Update 0093/100 reward=0.750 pass@1=0.500 clip=0.000 |post_move|=0.0017 grad=6.2786 loss=0.0003
Update 0094/100 reward=0.875 pass@1=0.750 clip=0.000 |post_move|=0.0036 grad=8.2921 loss=-0.0003
Update 0095/100 reward=1.000 pass@1=1.000 clip=0.000 |post_move|=0.0022 grad=0.0000 loss=0.0000
Update 0096/100 reward=0.625 pass@1=0.250 clip=0.000 |post_move|=0.0022 grad=7.0889 loss=-0.0003
Update 0097/100 reward=0.625 pass@1=0.250 clip=0.000 |post_move|=0.0033 grad=9.1092 loss=-0.0005
Update 0098/100 reward=0.525 pass@1=0.250 clip=0.000 |post_move|=0.0031 grad=6.2694 loss=0.0002
Update 0099/100 reward=0.625 pass@1=0.250 clip=0.000 |post_move|=0.0035 grad=6.8611 loss=-0.0002
Update 0100/100 reward=0.750 pass@1=0.500 clip=0.000 |post_move|=0.0028 grad=4.7401 loss=-0.0004
Logs saved to outputs/live_ppo/live_ppo_stale_wikisql_seed2/logs.json
Figure saved to outputs/live_ppo/live_ppo_stale_wikisql_seed2/metrics.png
==> Running: stale L=4, seed=0 (Mon May  4 02:23:13 AM EDT 2026)
Using device: cuda
Condition: stale  Task: wikisql  Seed: 0
Using max_new_tokens=64 for WikiSQL
Loading WikiSQL train dataset (2000 examples)...
Loading WikiSQL tables from /home/hice1/jchen3392/Sync-Or-Sink/scripts/../data/data...
Loaded 18585 tables
Loading WikiSQL examples...
Loaded 56355 examples
Loading WikiSQL eval dataset (200 examples)...
Loading WikiSQL tables from /home/hice1/jchen3392/Sync-Or-Sink/scripts/../data/data...
Loaded 2716 tables
Loading WikiSQL examples...
Loaded 8421 examples
Loading learner policy...
Loading checkpoint from outputs/checkpoints/wikisql_sft/checkpoint.pt...
Checkpoint loaded successfully
Loading actor policy...
Update 0001/100 reward=0.650 pass@1=0.500 clip=0.000 |post_move|=0.0080 grad=5.7338 loss=-0.0000
Update 0002/100 reward=0.500 pass@1=0.000 clip=0.000 |post_move|=0.0051 grad=0.0000 loss=0.0000
Update 0003/100 reward=0.750 pass@1=0.500 clip=0.000 |post_move|=0.0044 grad=6.4459 loss=0.0027
Update 0004/100 reward=0.750 pass@1=0.500 clip=0.000 |post_move|=0.0074 grad=4.4572 loss=-0.0018
Update 0005/100 reward=0.500 pass@1=0.000 clip=0.000 |post_move|=0.0068 grad=0.0000 loss=0.0000
Update 0006/100 reward=0.400 pass@1=0.000 clip=0.000 |post_move|=0.0076 grad=4.5275 loss=-0.0011
Update 0007/100 reward=0.625 pass@1=0.250 clip=0.000 |post_move|=0.0046 grad=6.5245 loss=0.0010
Update 0008/100 reward=0.875 pass@1=0.750 clip=0.000 |post_move|=0.0066 grad=5.2685 loss=0.0006
Update 0009/100 reward=0.750 pass@1=0.500 clip=0.000 |post_move|=0.0090 grad=5.9075 loss=-0.0025
Update 0010/100 reward=0.650 pass@1=0.500 clip=0.000 |post_move|=0.0052 grad=6.7116 loss=0.0022
Update 0011/100 reward=0.750 pass@1=0.500 clip=0.000 |post_move|=0.0040 grad=6.3661 loss=0.0009
Update 0012/100 reward=0.525 pass@1=0.250 clip=0.016 |post_move|=0.0111 grad=8.4535 loss=-0.0031
Update 0013/100 reward=0.500 pass@1=0.000 clip=0.000 |post_move|=0.0051 grad=0.0000 loss=0.0000
Update 0014/100 reward=0.875 pass@1=0.750 clip=0.000 |post_move|=0.0052 grad=6.5541 loss=-0.0011
Update 0015/100 reward=0.750 pass@1=0.500 clip=0.000 |post_move|=0.0064 grad=8.0498 loss=-0.0006
Update 0016/100 reward=0.750 pass@1=0.500 clip=0.000 |post_move|=0.0024 grad=7.6335 loss=0.0001
Update 0017/100 reward=0.625 pass@1=0.250 clip=0.000 |post_move|=0.0052 grad=10.0592 loss=-0.0007
Update 0018/100 reward=0.625 pass@1=0.250 clip=0.000 |post_move|=0.0026 grad=7.4007 loss=0.0010
Update 0019/100 reward=0.875 pass@1=0.750 clip=0.000 |post_move|=0.0055 grad=6.3746 loss=-0.0017
Update 0020/100 reward=0.775 pass@1=0.750 clip=0.000 |post_move|=0.0031 grad=6.0377 loss=0.0019
Update 0021/100 reward=0.525 pass@1=0.250 clip=0.000 |post_move|=0.0037 grad=7.2531 loss=0.0007
Update 0022/100 reward=0.750 pass@1=0.500 clip=0.000 |post_move|=0.0033 grad=9.1892 loss=-0.0010
Update 0023/100 reward=0.875 pass@1=0.750 clip=0.000 |post_move|=0.0030 grad=9.7000 loss=0.0012
Update 0024/100 reward=0.875 pass@1=0.750 clip=0.000 |post_move|=0.0046 grad=5.0709 loss=-0.0003
Update 0025/100 reward=0.875 pass@1=0.750 clip=0.000 |post_move|=0.0043 grad=6.9252 loss=0.0001
Update 0026/100 reward=0.500 pass@1=0.000 clip=0.000 |post_move|=0.0041 grad=0.0000 loss=0.0000
Update 0027/100 reward=0.525 pass@1=0.250 clip=0.000 |post_move|=0.0075 grad=7.4170 loss=-0.0017
Update 0028/100 reward=0.625 pass@1=0.250 clip=0.000 |post_move|=0.0047 grad=6.5794 loss=-0.0012
Update 0029/100 reward=0.875 pass@1=0.750 clip=0.000 |post_move|=0.0031 grad=6.2702 loss=-0.0006
Update 0030/100 reward=0.625 pass@1=0.250 clip=0.000 |post_move|=0.0043 grad=4.8268 loss=-0.0016
Update 0031/100 reward=0.625 pass@1=0.250 clip=0.000 |post_move|=0.0061 grad=7.4792 loss=0.0002
Update 0032/100 reward=0.525 pass@1=0.250 clip=0.000 |post_move|=0.0051 grad=13.3558 loss=-0.0013
Update 0033/100 reward=0.500 pass@1=0.000 clip=0.000 |post_move|=0.0041 grad=0.0000 loss=0.0000
Update 0034/100 reward=0.500 pass@1=0.000 clip=0.000 |post_move|=0.0046 grad=0.0000 loss=0.0000
Update 0035/100 reward=0.750 pass@1=0.500 clip=0.000 |post_move|=0.0024 grad=6.2993 loss=0.0008
Update 0036/100 reward=0.750 pass@1=0.500 clip=0.000 |post_move|=0.0054 grad=8.2860 loss=-0.0013
Update 0037/100 reward=0.750 pass@1=0.500 clip=0.000 |post_move|=0.0037 grad=6.2503 loss=0.0012
Update 0038/100 reward=0.875 pass@1=0.750 clip=0.000 |post_move|=0.0026 grad=6.2798 loss=-0.0002
Update 0039/100 reward=0.500 pass@1=0.000 clip=0.000 |post_move|=0.0042 grad=0.0000 loss=0.0000
Update 0040/100 reward=0.650 pass@1=0.500 clip=0.000 |post_move|=0.0046 grad=9.0667 loss=0.0006
Update 0041/100 reward=0.875 pass@1=0.750 clip=0.000 |post_move|=0.0029 grad=5.1273 loss=-0.0009
Update 0042/100 reward=0.500 pass@1=0.000 clip=0.000 |post_move|=0.0031 grad=0.0000 loss=0.0000
Update 0043/100 reward=0.625 pass@1=0.250 clip=0.000 |post_move|=0.0030 grad=6.0449 loss=-0.0013
Update 0044/100 reward=0.750 pass@1=0.500 clip=0.000 |post_move|=0.0045 grad=4.3434 loss=0.0005
Update 0045/100 reward=0.875 pass@1=0.750 clip=0.000 |post_move|=0.0048 grad=7.1064 loss=0.0002
Update 0046/100 reward=0.750 pass@1=0.500 clip=0.000 |post_move|=0.0050 grad=7.1286 loss=-0.0008
Update 0047/100 reward=0.875 pass@1=0.750 clip=0.000 |post_move|=0.0034 grad=4.8880 loss=0.0013
Update 0048/100 reward=0.625 pass@1=0.250 clip=0.000 |post_move|=0.0018 grad=6.3419 loss=0.0001
Update 0049/100 reward=0.875 pass@1=0.750 clip=0.000 |post_move|=0.0025 grad=6.1996 loss=-0.0006
Update 0050/100 reward=0.500 pass@1=0.000 clip=0.000 |post_move|=0.0036 grad=0.0000 loss=0.0000
Update 0051/100 reward=0.525 pass@1=0.250 clip=0.000 |post_move|=0.0039 grad=10.8250 loss=-0.0008
Update 0052/100 reward=0.750 pass@1=0.500 clip=0.000 |post_move|=0.0031 grad=4.4182 loss=0.0003
Update 0053/100 reward=0.625 pass@1=0.250 clip=0.000 |post_move|=0.0040 grad=6.5554 loss=-0.0004
Update 0054/100 reward=1.000 pass@1=1.000 clip=0.000 |post_move|=0.0037 grad=0.0000 loss=0.0000
Update 0055/100 reward=0.750 pass@1=0.500 clip=0.000 |post_move|=0.0050 grad=7.5336 loss=0.0000
Update 0056/100 reward=0.750 pass@1=0.500 clip=0.000 |post_move|=0.0043 grad=7.8473 loss=0.0023
Update 0057/100 reward=0.625 pass@1=0.250 clip=0.000 |post_move|=0.0039 grad=8.2506 loss=0.0011
Update 0058/100 reward=0.625 pass@1=0.250 clip=0.000 |post_move|=0.0025 grad=6.4585 loss=-0.0011
Update 0059/100 reward=0.750 pass@1=0.500 clip=0.000 |post_move|=0.0029 grad=10.0728 loss=0.0017
Update 0060/100 reward=0.775 pass@1=0.750 clip=0.000 |post_move|=0.0032 grad=9.6762 loss=-0.0006
Update 0061/100 reward=1.000 pass@1=1.000 clip=0.000 |post_move|=0.0019 grad=0.0000 loss=0.0000
Update 0062/100 reward=0.875 pass@1=0.750 clip=0.000 |post_move|=0.0019 grad=7.4052 loss=-0.0000
Update 0063/100 reward=1.000 pass@1=1.000 clip=0.000 |post_move|=0.0030 grad=0.0000 loss=0.0000
Update 0064/100 reward=0.750 pass@1=0.500 clip=0.000 |post_move|=0.0032 grad=4.0485 loss=-0.0004
Update 0065/100 reward=0.750 pass@1=0.500 clip=0.000 |post_move|=0.0050 grad=8.9009 loss=-0.0012
Update 0066/100 reward=0.750 pass@1=0.500 clip=0.000 |post_move|=0.0035 grad=6.9891 loss=-0.0001
Update 0067/100 reward=0.875 pass@1=0.750 clip=0.000 |post_move|=0.0038 grad=15.0503 loss=-0.0001
Update 0068/100 reward=0.625 pass@1=0.250 clip=0.000 |post_move|=0.0034 grad=6.2432 loss=0.0001
Update 0069/100 reward=0.500 pass@1=0.000 clip=0.000 |post_move|=0.0038 grad=0.0000 loss=0.0000
Update 0070/100 reward=0.750 pass@1=0.500 clip=0.000 |post_move|=0.0030 grad=8.7452 loss=0.0006
Update 0071/100 reward=0.525 pass@1=0.250 clip=0.000 |post_move|=0.0046 grad=10.9143 loss=-0.0001
Update 0072/100 reward=0.875 pass@1=0.750 clip=0.000 |post_move|=0.0020 grad=7.4162 loss=0.0004
Update 0073/100 reward=0.625 pass@1=0.250 clip=0.000 |post_move|=0.0030 grad=6.4532 loss=-0.0005
Update 0074/100 reward=0.750 pass@1=0.500 clip=0.000 |post_move|=0.0015 grad=5.8913 loss=0.0005
Update 0075/100 reward=0.750 pass@1=0.500 clip=0.000 |post_move|=0.0037 grad=8.4241 loss=-0.0004
Update 0076/100 reward=0.625 pass@1=0.250 clip=0.000 |post_move|=0.0022 grad=4.7201 loss=0.0004
Update 0077/100 reward=1.000 pass@1=1.000 clip=0.000 |post_move|=0.0022 grad=0.0000 loss=0.0000
Update 0078/100 reward=0.750 pass@1=0.500 clip=0.000 |post_move|=0.0037 grad=3.8573 loss=-0.0003
Update 0079/100 reward=0.625 pass@1=0.250 clip=0.000 |post_move|=0.0034 grad=8.6727 loss=0.0001
Update 0080/100 reward=0.525 pass@1=0.250 clip=0.000 |post_move|=0.0034 grad=5.2528 loss=-0.0011
Update 0081/100 reward=0.625 pass@1=0.250 clip=0.000 |post_move|=0.0035 grad=5.4322 loss=0.0006
Update 0082/100 reward=0.625 pass@1=0.250 clip=0.000 |post_move|=0.0052 grad=6.9538 loss=-0.0000
Update 0083/100 reward=0.625 pass@1=0.250 clip=0.000 |post_move|=0.0038 grad=6.3000 loss=0.0007
Update 0084/100 reward=0.750 pass@1=0.500 clip=0.000 |post_move|=0.0036 grad=6.2608 loss=0.0006
Update 0085/100 reward=0.750 pass@1=0.500 clip=0.000 |post_move|=0.0038 grad=5.4939 loss=0.0004
Update 0086/100 reward=0.775 pass@1=0.750 clip=0.000 |post_move|=0.0054 grad=5.0377 loss=-0.0012
Update 0087/100 reward=0.750 pass@1=0.500 clip=0.000 |post_move|=0.0047 grad=7.2748 loss=-0.0002
Update 0088/100 reward=0.750 pass@1=0.500 clip=0.000 |post_move|=0.0048 grad=6.5172 loss=-0.0004
Update 0089/100 reward=0.625 pass@1=0.250 clip=0.000 |post_move|=0.0033 grad=8.6024 loss=0.0007
Update 0090/100 reward=0.625 pass@1=0.250 clip=0.000 |post_move|=0.0039 grad=7.3770 loss=-0.0005
Update 0091/100 reward=0.875 pass@1=0.750 clip=0.000 |post_move|=0.0022 grad=6.4242 loss=-0.0000
Update 0092/100 reward=0.875 pass@1=0.750 clip=0.000 |post_move|=0.0041 grad=6.4850 loss=-0.0003
Update 0093/100 reward=0.750 pass@1=0.500 clip=0.000 |post_move|=0.0048 grad=4.8345 loss=-0.0001
Update 0094/100 reward=0.750 pass@1=0.500 clip=0.000 |post_move|=0.0039 grad=8.1000 loss=0.0002
Update 0095/100 reward=0.750 pass@1=0.500 clip=0.000 |post_move|=0.0034 grad=7.3912 loss=0.0004
Update 0096/100 reward=0.750 pass@1=0.500 clip=0.000 |post_move|=0.0009 grad=5.3336 loss=0.0007
Update 0097/100 reward=0.625 pass@1=0.250 clip=0.000 |post_move|=0.0046 grad=7.5218 loss=-0.0004
Update 0098/100 reward=0.750 pass@1=0.500 clip=0.000 |post_move|=0.0042 grad=7.6876 loss=-0.0008
Update 0099/100 reward=0.625 pass@1=0.250 clip=0.000 |post_move|=0.0051 grad=3.8163 loss=-0.0007
Update 0100/100 reward=0.625 pass@1=0.250 clip=0.000 |post_move|=0.0059 grad=7.3531 loss=-0.0011
Logs saved to outputs/live_ppo/live_ppo_stale_wikisql_seed0/logs.json
Figure saved to outputs/live_ppo/live_ppo_stale_wikisql_seed0/metrics.png
==> Running: stale L=4, seed=1 (Mon May  4 02:26:47 AM EDT 2026)
Using device: cuda
Condition: stale  Task: wikisql  Seed: 1
Using max_new_tokens=64 for WikiSQL
Loading WikiSQL train dataset (2000 examples)...
Loading WikiSQL tables from /home/hice1/jchen3392/Sync-Or-Sink/scripts/../data/data...
Loaded 18585 tables
Loading WikiSQL examples...
Loaded 56355 examples
Loading WikiSQL eval dataset (200 examples)...
Loading WikiSQL tables from /home/hice1/jchen3392/Sync-Or-Sink/scripts/../data/data...
Loaded 2716 tables
Loading WikiSQL examples...
Loaded 8421 examples
Loading learner policy...
Loading checkpoint from outputs/checkpoints/wikisql_sft/checkpoint.pt...
Checkpoint loaded successfully
Loading actor policy...
Update 0001/100 reward=0.750 pass@1=0.500 clip=0.000 |post_move|=0.0090 grad=6.8841 loss=0.0000
Update 0002/100 reward=0.625 pass@1=0.250 clip=0.015 |post_move|=0.0123 grad=11.8623 loss=-0.0007
Update 0003/100 reward=0.625 pass@1=0.250 clip=0.000 |post_move|=0.0119 grad=7.2866 loss=0.0028
Update 0004/100 reward=0.875 pass@1=0.750 clip=0.000 |post_move|=0.0055 grad=5.0795 loss=-0.0014
Update 0005/100 reward=0.625 pass@1=0.250 clip=0.000 |post_move|=0.0111 grad=5.7854 loss=0.0014
Update 0006/100 reward=0.875 pass@1=0.750 clip=0.000 |post_move|=0.0105 grad=10.3569 loss=-0.0041
Update 0007/100 reward=0.625 pass@1=0.250 clip=0.000 |post_move|=0.0067 grad=5.9136 loss=-0.0001
Update 0008/100 reward=0.750 pass@1=0.500 clip=0.000 |post_move|=0.0105 grad=7.2478 loss=-0.0043
Update 0009/100 reward=0.525 pass@1=0.250 clip=0.000 |post_move|=0.0079 grad=7.7393 loss=0.0012
Update 0010/100 reward=0.500 pass@1=0.000 clip=0.000 |post_move|=0.0072 grad=0.0000 loss=0.0000
Update 0011/100 reward=0.750 pass@1=0.500 clip=0.000 |post_move|=0.0054 grad=5.5522 loss=-0.0007
Update 0012/100 reward=0.500 pass@1=0.000 clip=0.000 |post_move|=0.0085 grad=0.0000 loss=0.0000
Update 0013/100 reward=1.000 pass@1=1.000 clip=0.000 |post_move|=0.0036 grad=0.0000 loss=0.0000
Update 0014/100 reward=0.750 pass@1=0.500 clip=0.000 |post_move|=0.0060 grad=5.2168 loss=0.0013
Update 0015/100 reward=0.625 pass@1=0.250 clip=0.000 |post_move|=0.0053 grad=5.5726 loss=0.0003
Update 0016/100 reward=0.625 pass@1=0.250 clip=0.000 |post_move|=0.0041 grad=5.9359 loss=0.0011
Update 0017/100 reward=0.525 pass@1=0.250 clip=0.000 |post_move|=0.0035 grad=5.7962 loss=0.0001
Update 0018/100 reward=0.625 pass@1=0.250 clip=0.000 |post_move|=0.0031 grad=8.0444 loss=0.0012
Update 0019/100 reward=1.000 pass@1=1.000 clip=0.000 |post_move|=0.0031 grad=0.0000 loss=0.0000
Update 0020/100 reward=0.750 pass@1=0.500 clip=0.000 |post_move|=0.0039 grad=7.1648 loss=-0.0004
Update 0021/100 reward=0.500 pass@1=0.000 clip=0.000 |post_move|=0.0040 grad=0.0000 loss=0.0000
Update 0022/100 reward=0.875 pass@1=0.750 clip=0.000 |post_move|=0.0035 grad=6.9616 loss=-0.0000
Update 0023/100 reward=0.650 pass@1=0.500 clip=0.000 |post_move|=0.0034 grad=5.2092 loss=-0.0006
Update 0024/100 reward=0.750 pass@1=0.500 clip=0.000 |post_move|=0.0034 grad=8.9575 loss=0.0006
Update 0025/100 reward=0.875 pass@1=0.750 clip=0.000 |post_move|=0.0047 grad=7.2396 loss=0.0006
Update 0026/100 reward=0.400 pass@1=0.000 clip=0.000 |post_move|=0.0048 grad=7.3846 loss=0.0004
Update 0027/100 reward=0.750 pass@1=0.500 clip=0.000 |post_move|=0.0010 grad=3.6957 loss=0.0000
Update 0028/100 reward=0.625 pass@1=0.250 clip=0.000 |post_move|=0.0017 grad=4.6035 loss=0.0001
Update 0029/100 reward=0.500 pass@1=0.000 clip=0.000 |post_move|=0.0018 grad=0.0000 loss=0.0000
Update 0030/100 reward=1.000 pass@1=1.000 clip=0.000 |post_move|=0.0017 grad=0.0000 loss=0.0000
Update 0031/100 reward=0.750 pass@1=0.500 clip=0.000 |post_move|=0.0034 grad=4.3676 loss=0.0006
Update 0032/100 reward=0.625 pass@1=0.250 clip=0.000 |post_move|=0.0018 grad=9.4684 loss=0.0002
Update 0033/100 reward=0.625 pass@1=0.250 clip=0.000 |post_move|=0.0013 grad=8.3032 loss=0.0003
Update 0034/100 reward=0.400 pass@1=0.000 clip=0.000 |post_move|=0.0023 grad=4.1266 loss=0.0003
Update 0035/100 reward=0.650 pass@1=0.500 clip=0.000 |post_move|=0.0046 grad=6.6190 loss=-0.0002
Update 0036/100 reward=0.400 pass@1=0.000 clip=0.000 |post_move|=0.0028 grad=4.8741 loss=0.0001
Update 0037/100 reward=0.875 pass@1=0.750 clip=0.000 |post_move|=0.0035 grad=6.2491 loss=-0.0007
Update 0038/100 reward=0.625 pass@1=0.250 clip=0.000 |post_move|=0.0032 grad=8.0278 loss=0.0002
Update 0039/100 reward=0.625 pass@1=0.250 clip=0.000 |post_move|=0.0019 grad=6.6526 loss=-0.0005
Update 0040/100 reward=0.750 pass@1=0.500 clip=0.000 |post_move|=0.0022 grad=5.9226 loss=0.0001
Update 0041/100 reward=0.525 pass@1=0.250 clip=0.000 |post_move|=0.0030 grad=6.2966 loss=0.0007
Update 0042/100 reward=0.625 pass@1=0.250 clip=0.000 |post_move|=0.0036 grad=8.2965 loss=0.0006
Update 0043/100 reward=0.750 pass@1=0.500 clip=0.000 |post_move|=0.0032 grad=3.8942 loss=-0.0003
Update 0044/100 reward=0.625 pass@1=0.250 clip=0.000 |post_move|=0.0035 grad=8.2213 loss=-0.0003
Update 0045/100 reward=0.875 pass@1=0.750 clip=0.000 |post_move|=0.0022 grad=6.8210 loss=0.0003
Update 0046/100 reward=0.625 pass@1=0.250 clip=0.000 |post_move|=0.0055 grad=7.0630 loss=-0.0008
Update 0047/100 reward=0.625 pass@1=0.250 clip=0.000 |post_move|=0.0056 grad=8.3105 loss=-0.0008
Update 0048/100 reward=0.875 pass@1=0.750 clip=0.000 |post_move|=0.0026 grad=7.2618 loss=0.0002
Update 0049/100 reward=0.500 pass@1=0.000 clip=0.000 |post_move|=0.0042 grad=0.0000 loss=0.0000
Update 0050/100 reward=0.875 pass@1=0.750 clip=0.000 |post_move|=0.0061 grad=9.4804 loss=-0.0006
Update 0051/100 reward=0.750 pass@1=0.500 clip=0.000 |post_move|=0.0052 grad=11.1000 loss=0.0001
Update 0052/100 reward=0.625 pass@1=0.250 clip=0.000 |post_move|=0.0037 grad=7.1461 loss=-0.0003
Update 0053/100 reward=0.400 pass@1=0.000 clip=0.000 |post_move|=0.0039 grad=7.6377 loss=0.0006
Update 0054/100 reward=0.650 pass@1=0.500 clip=0.000 |post_move|=0.0044 grad=3.2882 loss=0.0000
Update 0055/100 reward=1.000 pass@1=1.000 clip=0.000 |post_move|=0.0029 grad=0.0000 loss=0.0000
Update 0056/100 reward=0.625 pass@1=0.250 clip=0.000 |post_move|=0.0052 grad=4.9135 loss=-0.0004
Update 0057/100 reward=1.000 pass@1=1.000 clip=0.000 |post_move|=0.0028 grad=0.0000 loss=0.0000
Update 0058/100 reward=0.400 pass@1=0.000 clip=0.000 |post_move|=0.0062 grad=5.1752 loss=-0.0007
Update 0059/100 reward=1.000 pass@1=1.000 clip=0.000 |post_move|=0.0052 grad=0.0000 loss=0.0000
Update 0060/100 reward=0.625 pass@1=0.250 clip=0.000 |post_move|=0.0028 grad=7.6182 loss=0.0005
Update 0061/100 reward=0.750 pass@1=0.500 clip=0.000 |post_move|=0.0033 grad=9.1183 loss=-0.0005
Update 0062/100 reward=0.625 pass@1=0.250 clip=0.000 |post_move|=0.0029 grad=4.9750 loss=0.0007
Update 0063/100 reward=0.750 pass@1=0.500 clip=0.000 |post_move|=0.0062 grad=6.2615 loss=0.0001
Update 0064/100 reward=0.750 pass@1=0.500 clip=0.000 |post_move|=0.0071 grad=7.6159 loss=-0.0019
Update 0065/100 reward=0.500 pass@1=0.000 clip=0.000 |post_move|=0.0056 grad=0.0000 loss=0.0000
Update 0066/100 reward=0.625 pass@1=0.250 clip=0.000 |post_move|=0.0052 grad=4.6548 loss=-0.0008
Update 0067/100 reward=0.625 pass@1=0.250 clip=0.000 |post_move|=0.0049 grad=6.6179 loss=0.0008
Update 0068/100 reward=0.650 pass@1=0.500 clip=0.000 |post_move|=0.0038 grad=4.6550 loss=0.0007
Update 0069/100 reward=0.525 pass@1=0.250 clip=0.000 |post_move|=0.0052 grad=5.2817 loss=-0.0009
Update 0070/100 reward=0.625 pass@1=0.250 clip=0.000 |post_move|=0.0028 grad=6.0464 loss=0.0003
Update 0071/100 reward=0.750 pass@1=0.500 clip=0.000 |post_move|=0.0047 grad=6.6227 loss=0.0021
Update 0072/100 reward=0.525 pass@1=0.250 clip=0.000 |post_move|=0.0057 grad=9.6022 loss=0.0012
Update 0073/100 reward=0.750 pass@1=0.500 clip=0.000 |post_move|=0.0051 grad=5.0188 loss=-0.0010
Update 0074/100 reward=0.625 pass@1=0.250 clip=0.000 |post_move|=0.0051 grad=6.8361 loss=-0.0005
Update 0075/100 reward=0.500 pass@1=0.000 clip=0.000 |post_move|=0.0045 grad=0.0000 loss=0.0000
Update 0076/100 reward=0.875 pass@1=0.750 clip=0.000 |post_move|=0.0033 grad=4.4806 loss=0.0009
Update 0077/100 reward=0.650 pass@1=0.500 clip=0.000 |post_move|=0.0045 grad=6.6957 loss=-0.0011
Update 0078/100 reward=0.875 pass@1=0.750 clip=0.000 |post_move|=0.0042 grad=8.4624 loss=0.0002
Update 0079/100 reward=0.650 pass@1=0.500 clip=0.000 |post_move|=0.0039 grad=6.4782 loss=0.0005
Update 0080/100 reward=0.500 pass@1=0.000 clip=0.000 |post_move|=0.0041 grad=0.0000 loss=0.0000
Update 0081/100 reward=0.625 pass@1=0.250 clip=0.000 |post_move|=0.0062 grad=6.2342 loss=0.0015
Update 0082/100 reward=0.500 pass@1=0.000 clip=0.000 |post_move|=0.0036 grad=0.0000 loss=0.0000
Update 0083/100 reward=0.750 pass@1=0.500 clip=0.000 |post_move|=0.0052 grad=7.6972 loss=-0.0007
Update 0084/100 reward=0.625 pass@1=0.250 clip=0.000 |post_move|=0.0031 grad=8.1052 loss=-0.0007
Update 0085/100 reward=0.875 pass@1=0.750 clip=0.000 |post_move|=0.0027 grad=5.5161 loss=0.0005
Update 0086/100 reward=0.525 pass@1=0.250 clip=0.000 |post_move|=0.0044 grad=6.6916 loss=0.0000
Update 0087/100 reward=0.875 pass@1=0.750 clip=0.000 |post_move|=0.0045 grad=5.3836 loss=-0.0002
Update 0088/100 reward=0.750 pass@1=0.500 clip=0.000 |post_move|=0.0043 grad=6.5852 loss=0.0004
Update 0089/100 reward=0.750 pass@1=0.500 clip=0.000 |post_move|=0.0034 grad=5.2113 loss=-0.0001
Update 0090/100 reward=0.750 pass@1=0.500 clip=0.000 |post_move|=0.0033 grad=5.2456 loss=0.0005
Update 0091/100 reward=0.625 pass@1=0.250 clip=0.000 |post_move|=0.0021 grad=6.5777 loss=-0.0002
Update 0092/100 reward=0.875 pass@1=0.750 clip=0.000 |post_move|=0.0031 grad=10.0752 loss=0.0001
Update 0093/100 reward=0.525 pass@1=0.250 clip=0.000 |post_move|=0.0046 grad=7.7533 loss=0.0010
Update 0094/100 reward=0.875 pass@1=0.750 clip=0.000 |post_move|=0.0063 grad=9.1684 loss=-0.0007
Update 0095/100 reward=0.650 pass@1=0.500 clip=0.000 |post_move|=0.0025 grad=3.9983 loss=0.0002
Update 0096/100 reward=0.650 pass@1=0.500 clip=0.000 |post_move|=0.0042 grad=7.0776 loss=-0.0001
Update 0097/100 reward=0.750 pass@1=0.500 clip=0.000 |post_move|=0.0044 grad=6.9401 loss=0.0005
Update 0098/100 reward=0.525 pass@1=0.250 clip=0.000 |post_move|=0.0050 grad=4.4366 loss=0.0005
Update 0099/100 reward=0.750 pass@1=0.500 clip=0.000 |post_move|=0.0050 grad=5.8216 loss=-0.0008
Update 0100/100 reward=0.875 pass@1=0.750 clip=0.000 |post_move|=0.0048 grad=5.4504 loss=0.0010
Logs saved to outputs/live_ppo/live_ppo_stale_wikisql_seed1/logs.json
Figure saved to outputs/live_ppo/live_ppo_stale_wikisql_seed1/metrics.png
==> Running: stale L=4, seed=2 (Mon May  4 02:30:18 AM EDT 2026)
Using device: cuda
Condition: stale  Task: wikisql  Seed: 2
Using max_new_tokens=64 for WikiSQL
Loading WikiSQL train dataset (2000 examples)...
Loading WikiSQL tables from /home/hice1/jchen3392/Sync-Or-Sink/scripts/../data/data...
Loaded 18585 tables
Loading WikiSQL examples...
Loaded 56355 examples
Loading WikiSQL eval dataset (200 examples)...
Loading WikiSQL tables from /home/hice1/jchen3392/Sync-Or-Sink/scripts/../data/data...
Loaded 2716 tables
Loading WikiSQL examples...
Loaded 8421 examples
Loading learner policy...
Loading checkpoint from outputs/checkpoints/wikisql_sft/checkpoint.pt...
Checkpoint loaded successfully
Loading actor policy...
Update 0001/100 reward=0.625 pass@1=0.250 clip=0.012 |post_move|=0.0128 grad=7.0415 loss=-0.0000
Update 0002/100 reward=0.750 pass@1=0.500 clip=0.000 |post_move|=0.0059 grad=7.1844 loss=0.0008
Update 0003/100 reward=0.750 pass@1=0.500 clip=0.000 |post_move|=0.0106 grad=9.1056 loss=0.0011
Update 0004/100 reward=0.625 pass@1=0.250 clip=0.000 |post_move|=0.0083 grad=7.7403 loss=-0.0019
Update 0005/100 reward=0.650 pass@1=0.500 clip=0.000 |post_move|=0.0092 grad=5.7650 loss=-0.0010
Update 0006/100 reward=0.750 pass@1=0.500 clip=0.000 |post_move|=0.0070 grad=5.4469 loss=0.0014
Update 0007/100 reward=0.875 pass@1=0.750 clip=0.000 |post_move|=0.0067 grad=6.3383 loss=-0.0005
Update 0008/100 reward=0.750 pass@1=0.500 clip=0.000 |post_move|=0.0070 grad=9.4417 loss=-0.0004
Update 0009/100 reward=0.525 pass@1=0.250 clip=0.000 |post_move|=0.0033 grad=6.0328 loss=-0.0001
Update 0010/100 reward=0.625 pass@1=0.250 clip=0.000 |post_move|=0.0028 grad=6.0055 loss=0.0001
Update 0011/100 reward=0.750 pass@1=0.500 clip=0.013 |post_move|=0.0095 grad=8.0093 loss=-0.0015
Update 0012/100 reward=0.875 pass@1=0.750 clip=0.000 |post_move|=0.0037 grad=6.4163 loss=-0.0002
Update 0013/100 reward=0.750 pass@1=0.500 clip=0.000 |post_move|=0.0041 grad=4.6897 loss=-0.0002
Update 0014/100 reward=0.500 pass@1=0.000 clip=0.000 |post_move|=0.0058 grad=0.0000 loss=0.0000
Update 0015/100 reward=1.000 pass@1=1.000 clip=0.000 |post_move|=0.0051 grad=0.0000 loss=0.0000
Update 0016/100 reward=0.650 pass@1=0.500 clip=0.000 |post_move|=0.0055 grad=5.1390 loss=0.0005
Update 0017/100 reward=1.000 pass@1=1.000 clip=0.000 |post_move|=0.0038 grad=0.0000 loss=0.0000
Update 0018/100 reward=0.875 pass@1=0.750 clip=0.000 |post_move|=0.0033 grad=6.8874 loss=-0.0007
Update 0019/100 reward=0.625 pass@1=0.250 clip=0.000 |post_move|=0.0073 grad=6.9717 loss=-0.0013
Update 0020/100 reward=0.500 pass@1=0.000 clip=0.000 |post_move|=0.0045 grad=0.0000 loss=0.0000
Update 0021/100 reward=0.525 pass@1=0.250 clip=0.000 |post_move|=0.0068 grad=5.4713 loss=-0.0004
Update 0022/100 reward=0.500 pass@1=0.000 clip=0.000 |post_move|=0.0044 grad=0.0000 loss=0.0000
Update 0023/100 reward=0.875 pass@1=0.750 clip=0.000 |post_move|=0.0047 grad=6.4536 loss=0.0004
Update 0024/100 reward=0.750 pass@1=0.500 clip=0.000 |post_move|=0.0035 grad=9.2046 loss=-0.0017
Update 0025/100 reward=0.750 pass@1=0.500 clip=0.000 |post_move|=0.0073 grad=7.3875 loss=-0.0022
Update 0026/100 reward=0.875 pass@1=0.750 clip=0.000 |post_move|=0.0033 grad=5.5904 loss=0.0003
Update 0027/100 reward=0.400 pass@1=0.000 clip=0.000 |post_move|=0.0061 grad=6.2503 loss=0.0011
Update 0028/100 reward=0.875 pass@1=0.750 clip=0.000 |post_move|=0.0048 grad=6.6504 loss=0.0024
Update 0029/100 reward=0.875 pass@1=0.750 clip=0.000 |post_move|=0.0044 grad=8.6887 loss=0.0010
Update 0030/100 reward=0.750 pass@1=0.500 clip=0.000 |post_move|=0.0024 grad=7.8752 loss=0.0003
Update 0031/100 reward=0.625 pass@1=0.250 clip=0.000 |post_move|=0.0025 grad=9.7158 loss=-0.0004
Update 0032/100 reward=0.750 pass@1=0.500 clip=0.000 |post_move|=0.0036 grad=7.0097 loss=0.0004
Update 0033/100 reward=0.750 pass@1=0.500 clip=0.000 |post_move|=0.0030 grad=6.6261 loss=-0.0005
Update 0034/100 reward=0.750 pass@1=0.500 clip=0.000 |post_move|=0.0033 grad=6.0790 loss=-0.0004
Update 0035/100 reward=0.625 pass@1=0.250 clip=0.000 |post_move|=0.0057 grad=4.7096 loss=-0.0010
Update 0036/100 reward=0.625 pass@1=0.250 clip=0.000 |post_move|=0.0026 grad=8.1199 loss=0.0000
Update 0037/100 reward=0.775 pass@1=0.750 clip=0.000 |post_move|=0.0048 grad=5.5340 loss=0.0001
Update 0038/100 reward=0.625 pass@1=0.250 clip=0.000 |post_move|=0.0051 grad=7.3439 loss=-0.0002
Update 0039/100 reward=0.750 pass@1=0.500 clip=0.000 |post_move|=0.0060 grad=6.0181 loss=-0.0025
Update 0040/100 reward=0.750 pass@1=0.500 clip=0.000 |post_move|=0.0068 grad=5.4250 loss=0.0001
Update 0041/100 reward=0.650 pass@1=0.500 clip=0.000 |post_move|=0.0074 grad=5.0712 loss=0.0001
Update 0042/100 reward=0.525 pass@1=0.250 clip=0.000 |post_move|=0.0031 grad=7.1877 loss=-0.0004
Update 0043/100 reward=0.775 pass@1=0.750 clip=0.000 |post_move|=0.0033 grad=7.1276 loss=0.0002
Update 0044/100 reward=0.750 pass@1=0.500 clip=0.000 |post_move|=0.0064 grad=6.0753 loss=0.0010
Update 0045/100 reward=0.750 pass@1=0.500 clip=0.000 |post_move|=0.0037 grad=7.2834 loss=0.0012
Update 0046/100 reward=0.875 pass@1=0.750 clip=0.000 |post_move|=0.0034 grad=10.3304 loss=0.0008
Update 0047/100 reward=0.400 pass@1=0.000 clip=0.000 |post_move|=0.0054 grad=7.3824 loss=0.0012
Update 0048/100 reward=0.625 pass@1=0.250 clip=0.000 |post_move|=0.0036 grad=6.7001 loss=-0.0001
Update 0049/100 reward=0.500 pass@1=0.000 clip=0.000 |post_move|=0.0042 grad=0.0000 loss=0.0000
Update 0050/100 reward=0.500 pass@1=0.000 clip=0.000 |post_move|=0.0026 grad=0.0000 loss=0.0000
Update 0051/100 reward=0.775 pass@1=0.750 clip=0.000 |post_move|=0.0038 grad=8.6644 loss=-0.0018
Update 0052/100 reward=0.625 pass@1=0.250 clip=0.000 |post_move|=0.0028 grad=4.8802 loss=0.0003
Update 0053/100 reward=0.625 pass@1=0.250 clip=0.000 |post_move|=0.0018 grad=4.4111 loss=-0.0005
Update 0054/100 reward=0.875 pass@1=0.750 clip=0.000 |post_move|=0.0035 grad=6.5412 loss=0.0003
Update 0055/100 reward=0.625 pass@1=0.250 clip=0.000 |post_move|=0.0036 grad=6.9281 loss=-0.0003
Update 0056/100 reward=0.625 pass@1=0.250 clip=0.000 |post_move|=0.0018 grad=7.7856 loss=0.0002
Update 0057/100 reward=1.000 pass@1=1.000 clip=0.000 |post_move|=0.0037 grad=0.0000 loss=0.0000
Update 0058/100 reward=0.750 pass@1=0.500 clip=0.000 |post_move|=0.0039 grad=4.4899 loss=-0.0004
Update 0059/100 reward=0.750 pass@1=0.500 clip=0.000 |post_move|=0.0033 grad=7.6110 loss=0.0009
Update 0060/100 reward=0.875 pass@1=0.750 clip=0.000 |post_move|=0.0038 grad=7.4470 loss=-0.0003
Update 0061/100 reward=0.750 pass@1=0.500 clip=0.000 |post_move|=0.0040 grad=7.0606 loss=-0.0002
Update 0062/100 reward=0.875 pass@1=0.750 clip=0.000 |post_move|=0.0030 grad=6.8121 loss=-0.0004
Update 0063/100 reward=0.650 pass@1=0.500 clip=0.000 |post_move|=0.0065 grad=9.3279 loss=0.0008
Update 0064/100 reward=0.625 pass@1=0.250 clip=0.000 |post_move|=0.0046 grad=5.9065 loss=-0.0002
Update 0065/100 reward=0.625 pass@1=0.250 clip=0.000 |post_move|=0.0052 grad=5.1074 loss=0.0007
Update 0066/100 reward=0.500 pass@1=0.000 clip=0.000 |post_move|=0.0052 grad=0.0000 loss=0.0000
Update 0067/100 reward=0.750 pass@1=0.500 clip=0.000 |post_move|=0.0037 grad=5.0046 loss=0.0002
Update 0068/100 reward=0.875 pass@1=0.750 clip=0.000 |post_move|=0.0046 grad=8.4564 loss=0.0004
Update 0069/100 reward=0.525 pass@1=0.250 clip=0.000 |post_move|=0.0051 grad=9.1746 loss=0.0011
Update 0070/100 reward=0.500 pass@1=0.000 clip=0.000 |post_move|=0.0036 grad=0.0000 loss=0.0000
Update 0071/100 reward=1.000 pass@1=1.000 clip=0.000 |post_move|=0.0049 grad=0.0000 loss=0.0000
Update 0072/100 reward=0.625 pass@1=0.250 clip=0.000 |post_move|=0.0031 grad=8.2121 loss=0.0001
Update 0073/100 reward=0.500 pass@1=0.000 clip=0.000 |post_move|=0.0041 grad=0.0000 loss=0.0000
Update 0074/100 reward=0.875 pass@1=0.750 clip=0.000 |post_move|=0.0039 grad=4.2799 loss=-0.0009
Update 0075/100 reward=0.875 pass@1=0.750 clip=0.000 |post_move|=0.0054 grad=7.7138 loss=-0.0021
Update 0076/100 reward=0.750 pass@1=0.500 clip=0.000 |post_move|=0.0040 grad=6.1099 loss=0.0009
Update 0077/100 reward=0.875 pass@1=0.750 clip=0.000 |post_move|=0.0043 grad=6.1871 loss=0.0005
Update 0078/100 reward=0.875 pass@1=0.750 clip=0.000 |post_move|=0.0055 grad=5.3721 loss=0.0005
Update 0079/100 reward=0.525 pass@1=0.250 clip=0.000 |post_move|=0.0072 grad=5.3626 loss=-0.0000
Update 0080/100 reward=0.625 pass@1=0.250 clip=0.000 |post_move|=0.0045 grad=6.6521 loss=0.0001
Update 0081/100 reward=0.750 pass@1=0.500 clip=0.000 |post_move|=0.0059 grad=7.4853 loss=-0.0005
Update 0082/100 reward=0.625 pass@1=0.250 clip=0.000 |post_move|=0.0041 grad=11.4303 loss=0.0031
Update 0083/100 reward=1.000 pass@1=1.000 clip=0.000 |post_move|=0.0032 grad=0.0000 loss=0.0000
Update 0084/100 reward=0.750 pass@1=0.500 clip=0.000 |post_move|=0.0051 grad=6.1041 loss=-0.0014
Update 0085/100 reward=0.750 pass@1=0.500 clip=0.000 |post_move|=0.0043 grad=6.7166 loss=0.0012
Update 0086/100 reward=0.500 pass@1=0.000 clip=0.000 |post_move|=0.0023 grad=0.0000 loss=0.0000
Update 0087/100 reward=0.650 pass@1=0.500 clip=0.000 |post_move|=0.0036 grad=8.8649 loss=0.0008
Update 0088/100 reward=0.875 pass@1=0.750 clip=0.000 |post_move|=0.0042 grad=5.9895 loss=-0.0010
Update 0089/100 reward=0.750 pass@1=0.500 clip=0.000 |post_move|=0.0059 grad=9.1821 loss=-0.0007
Update 0090/100 reward=0.750 pass@1=0.500 clip=0.000 |post_move|=0.0055 grad=6.0159 loss=-0.0010
Update 0091/100 reward=0.750 pass@1=0.500 clip=0.000 |post_move|=0.0026 grad=6.0191 loss=0.0004
Update 0092/100 reward=0.875 pass@1=0.750 clip=0.000 |post_move|=0.0053 grad=3.8469 loss=0.0001
Update 0093/100 reward=0.625 pass@1=0.250 clip=0.000 |post_move|=0.0067 grad=6.6373 loss=0.0014
Update 0094/100 reward=0.875 pass@1=0.750 clip=0.000 |post_move|=0.0050 grad=7.2723 loss=0.0002
Update 0095/100 reward=1.000 pass@1=1.000 clip=0.000 |post_move|=0.0034 grad=0.0000 loss=0.0000
Update 0096/100 reward=0.875 pass@1=0.750 clip=0.000 |post_move|=0.0030 grad=9.8766 loss=0.0005
Update 0097/100 reward=0.625 pass@1=0.250 clip=0.000 |post_move|=0.0052 grad=4.3644 loss=-0.0013
Update 0098/100 reward=0.525 pass@1=0.250 clip=0.000 |post_move|=0.0038 grad=4.8859 loss=0.0010
Update 0099/100 reward=0.625 pass@1=0.250 clip=0.000 |post_move|=0.0051 grad=5.3501 loss=0.0004
Update 0100/100 reward=0.750 pass@1=0.500 clip=0.000 |post_move|=0.0034 grad=4.8363 loss=-0.0010
Logs saved to outputs/live_ppo/live_ppo_stale_wikisql_seed2/logs.json
Figure saved to outputs/live_ppo/live_ppo_stale_wikisql_seed2/metrics.png
==> Staleness Sweep finished: Mon May  4 02:33:57 AM EDT 2026
---------------------------------------
Begin Slurm Epilog: May-04-2026 02:33:57
Job ID:        5248907
User ID:       jchen3392
Account:       cse
Job name:      staleness_sweep
Resources:     cpu=1,gres/gpu:a100=1,mem=24G,node=1
Rsrc Used:     cput=00:24:58,vmem=0,walltime=00:24:58,mem=8917004K,energy_used=0
Partition:     coc-gpu
QOS:           coc-ice
Nodes:         atl1-1-01-005-13-0
---------------------------------------
