---------------------------------------
Begin Slurm Prolog: May-04-2026 02:10:44
Job ID:    5248910
User ID:   jchen3392
Account:   cse
Job name:  sync_replication
Partition: coc-gpu
QOS:       coc-ice
---------------------------------------
==> Sync Replication started: Mon May  4 02:10:44 AM EDT 2026
==> Node: atl1-1-03-007-33-0.pace.gatech.edu
==> GPU: NVIDIA A100-PCIE-40GB
==> Running: sync, seed=1 (Mon May  4 02:10:44 AM EDT 2026)
Using device: cuda
Condition: sync  Task: wikisql  Seed: 1
Using max_new_tokens=64 for WikiSQL
Loading WikiSQL train dataset (2000 examples)...
Loading WikiSQL tables from /home/hice1/jchen3392/Sync-Or-Sink/scripts/../data/data...
Loaded 18585 tables
Loading WikiSQL examples...
Loaded 56355 examples
Loading WikiSQL eval dataset (200 examples)...
Loading WikiSQL tables from /home/hice1/jchen3392/Sync-Or-Sink/scripts/../data/data...
Loaded 2716 tables
Loading WikiSQL examples...
Loaded 8421 examples
Loading learner policy...
Loading checkpoint from outputs/checkpoints/wikisql_sft/checkpoint.pt...
Checkpoint loaded successfully
Loading actor policy...
Update 0001/100 reward=0.750 pass@1=0.500 clip=0.000 |post_move|=0.0090 grad=6.8841 loss=0.0000
Update 0002/100 reward=0.625 pass@1=0.250 clip=0.015 |post_move|=0.0099 grad=11.7183 loss=-0.0000
Update 0003/100 reward=0.625 pass@1=0.250 clip=0.000 |post_move|=0.0053 grad=7.4376 loss=0.0000
Update 0004/100 reward=0.875 pass@1=0.750 clip=0.000 |post_move|=0.0020 grad=6.3542 loss=0.0000
Update 0005/100 reward=0.625 pass@1=0.250 clip=0.000 |post_move|=0.0049 grad=3.9239 loss=0.0000
Update 0006/100 reward=0.875 pass@1=0.750 clip=0.000 |post_move|=0.0036 grad=10.9573 loss=0.0000
Update 0007/100 reward=0.500 pass@1=0.000 clip=0.000 |post_move|=0.0017 grad=0.0000 loss=0.0000
Update 0008/100 reward=0.650 pass@1=0.500 clip=0.000 |post_move|=0.0049 grad=11.5167 loss=-0.0000
Update 0009/100 reward=0.625 pass@1=0.250 clip=0.000 |post_move|=0.0022 grad=5.9535 loss=0.0000
Update 0010/100 reward=0.500 pass@1=0.000 clip=0.000 |post_move|=0.0010 grad=0.0000 loss=0.0000
Update 0011/100 reward=0.750 pass@1=0.500 clip=0.000 |post_move|=0.0016 grad=5.1297 loss=0.0000
Update 0012/100 reward=0.625 pass@1=0.250 clip=0.000 |post_move|=0.0012 grad=6.7028 loss=-0.0000
Update 0013/100 reward=1.000 pass@1=1.000 clip=0.000 |post_move|=0.0005 grad=0.0000 loss=0.0000
Update 0014/100 reward=0.625 pass@1=0.250 clip=0.000 |post_move|=0.0021 grad=7.7667 loss=0.0000
Update 0015/100 reward=0.625 pass@1=0.250 clip=0.000 |post_move|=0.0022 grad=5.4511 loss=-0.0000
Update 0016/100 reward=0.625 pass@1=0.250 clip=0.000 |post_move|=0.0015 grad=6.3363 loss=0.0000
Update 0017/100 reward=0.650 pass@1=0.500 clip=0.000 |post_move|=0.0026 grad=6.9413 loss=-0.0000
Update 0018/100 reward=0.625 pass@1=0.250 clip=0.000 |post_move|=0.0021 grad=4.5502 loss=-0.0000
Update 0019/100 reward=1.000 pass@1=1.000 clip=0.000 |post_move|=0.0006 grad=0.0000 loss=0.0000
Update 0020/100 reward=0.750 pass@1=0.500 clip=0.000 |post_move|=0.0035 grad=8.0451 loss=0.0000
Update 0021/100 reward=0.500 pass@1=0.000 clip=0.000 |post_move|=0.0006 grad=0.0000 loss=0.0000
Update 0022/100 reward=0.650 pass@1=0.500 clip=0.000 |post_move|=0.0022 grad=7.0003 loss=-0.0000
Update 0023/100 reward=0.550 pass@1=0.500 clip=0.000 |post_move|=0.0012 grad=6.9749 loss=0.0000
Update 0024/100 reward=0.750 pass@1=0.500 clip=0.000 |post_move|=0.0020 grad=6.8621 loss=0.0000
Update 0025/100 reward=0.875 pass@1=0.750 clip=0.000 |post_move|=0.0009 grad=7.6906 loss=0.0000
Update 0026/100 reward=0.300 pass@1=0.000 clip=0.000 |post_move|=0.0018 grad=8.2267 loss=0.0000
Update 0027/100 reward=0.750 pass@1=0.500 clip=0.000 |post_move|=0.0004 grad=7.8608 loss=0.0000
Update 0028/100 reward=0.625 pass@1=0.250 clip=0.000 |post_move|=0.0011 grad=6.1130 loss=0.0000
Update 0029/100 reward=0.500 pass@1=0.000 clip=0.000 |post_move|=0.0008 grad=0.0000 loss=0.0000
Update 0030/100 reward=1.000 pass@1=1.000 clip=0.000 |post_move|=0.0006 grad=0.0000 loss=0.0000
Update 0031/100 reward=0.750 pass@1=0.500 clip=0.000 |post_move|=0.0017 grad=4.4722 loss=0.0000
Update 0032/100 reward=0.750 pass@1=0.500 clip=0.000 |post_move|=0.0016 grad=4.4782 loss=0.0000
Update 0033/100 reward=0.750 pass@1=0.500 clip=0.000 |post_move|=0.0010 grad=5.3362 loss=0.0000
Update 0034/100 reward=0.625 pass@1=0.250 clip=0.000 |post_move|=0.0009 grad=7.5008 loss=0.0000
Update 0035/100 reward=0.650 pass@1=0.500 clip=0.000 |post_move|=0.0032 grad=6.0501 loss=-0.0000
Update 0036/100 reward=0.625 pass@1=0.250 clip=0.000 |post_move|=0.0018 grad=8.2965 loss=0.0000
Update 0037/100 reward=0.875 pass@1=0.750 clip=0.000 |post_move|=0.0016 grad=6.5571 loss=0.0000
Update 0038/100 reward=0.625 pass@1=0.250 clip=0.000 |post_move|=0.0011 grad=4.2153 loss=0.0000
Update 0039/100 reward=0.625 pass@1=0.250 clip=0.000 |post_move|=0.0013 grad=6.9771 loss=-0.0000
Update 0040/100 reward=0.750 pass@1=0.500 clip=0.000 |post_move|=0.0007 grad=9.4599 loss=0.0000
Update 0041/100 reward=0.625 pass@1=0.250 clip=0.000 |post_move|=0.0004 grad=6.8672 loss=-0.0000
Update 0042/100 reward=0.625 pass@1=0.250 clip=0.000 |post_move|=0.0012 grad=6.9355 loss=-0.0000
Update 0043/100 reward=0.625 pass@1=0.250 clip=0.000 |post_move|=0.0011 grad=5.7548 loss=0.0000
Update 0044/100 reward=0.750 pass@1=0.500 clip=0.000 |post_move|=0.0018 grad=6.6409 loss=0.0000
Update 0045/100 reward=0.750 pass@1=0.500 clip=0.000 |post_move|=0.0006 grad=8.1415 loss=0.0000
Update 0046/100 reward=0.625 pass@1=0.250 clip=0.000 |post_move|=0.0009 grad=8.4932 loss=0.0000
Update 0047/100 reward=0.625 pass@1=0.250 clip=0.000 |post_move|=0.0010 grad=6.9340 loss=0.0000
Update 0048/100 reward=0.875 pass@1=0.750 clip=0.000 |post_move|=0.0005 grad=7.5833 loss=0.0000
Update 0049/100 reward=0.500 pass@1=0.000 clip=0.000 |post_move|=0.0007 grad=0.0000 loss=0.0000
Update 0050/100 reward=0.875 pass@1=0.750 clip=0.000 |post_move|=0.0010 grad=10.4121 loss=0.0000
Update 0051/100 reward=0.750 pass@1=0.500 clip=0.000 |post_move|=0.0011 grad=5.9795 loss=0.0000
Update 0052/100 reward=0.625 pass@1=0.250 clip=0.000 |post_move|=0.0015 grad=9.1007 loss=0.0000
Update 0053/100 reward=0.625 pass@1=0.250 clip=0.000 |post_move|=0.0015 grad=12.7773 loss=0.0000
Update 0054/100 reward=0.650 pass@1=0.500 clip=0.000 |post_move|=0.0016 grad=5.2315 loss=-0.0000
Update 0055/100 reward=0.875 pass@1=0.750 clip=0.000 |post_move|=0.0010 grad=6.6863 loss=0.0000
Update 0056/100 reward=0.625 pass@1=0.250 clip=0.000 |post_move|=0.0020 grad=8.9015 loss=0.0000
Update 0057/100 reward=1.000 pass@1=1.000 clip=0.000 |post_move|=0.0008 grad=0.0000 loss=0.0000
Update 0058/100 reward=0.400 pass@1=0.000 clip=0.000 |post_move|=0.0030 grad=6.3521 loss=0.0000
Update 0059/100 reward=0.875 pass@1=0.750 clip=0.000 |post_move|=0.0010 grad=6.3567 loss=0.0000
Update 0060/100 reward=0.625 pass@1=0.250 clip=0.000 |post_move|=0.0005 grad=8.8235 loss=-0.0000
Update 0061/100 reward=0.750 pass@1=0.500 clip=0.000 |post_move|=0.0012 grad=4.9057 loss=0.0000
Update 0062/100 reward=0.625 pass@1=0.250 clip=0.000 |post_move|=0.0005 grad=4.5194 loss=0.0000
Update 0063/100 reward=0.750 pass@1=0.500 clip=0.000 |post_move|=0.0019 grad=7.0485 loss=0.0000
Update 0064/100 reward=0.875 pass@1=0.750 clip=0.000 |post_move|=0.0005 grad=6.4972 loss=0.0000
Update 0065/100 reward=0.625 pass@1=0.250 clip=0.000 |post_move|=0.0011 grad=8.5915 loss=-0.0000
Update 0066/100 reward=0.625 pass@1=0.250 clip=0.000 |post_move|=0.0014 grad=4.6125 loss=0.0000
Update 0067/100 reward=0.625 pass@1=0.250 clip=0.000 |post_move|=0.0009 grad=8.4185 loss=-0.0000
Update 0068/100 reward=0.875 pass@1=0.750 clip=0.000 |post_move|=0.0014 grad=9.0380 loss=0.0000
Update 0069/100 reward=0.625 pass@1=0.250 clip=0.000 |post_move|=0.0020 grad=7.3142 loss=0.0000
Update 0070/100 reward=0.625 pass@1=0.250 clip=0.000 |post_move|=0.0005 grad=7.0010 loss=-0.0000
Update 0071/100 reward=0.750 pass@1=0.500 clip=0.000 |post_move|=0.0008 grad=6.5560 loss=0.0000
Update 0072/100 reward=0.525 pass@1=0.250 clip=0.000 |post_move|=0.0030 grad=7.7040 loss=-0.0000
Update 0073/100 reward=0.750 pass@1=0.500 clip=0.000 |post_move|=0.0025 grad=8.6631 loss=0.0000
Update 0074/100 reward=0.625 pass@1=0.250 clip=0.000 |post_move|=0.0021 grad=7.8151 loss=0.0000
Update 0075/100 reward=0.500 pass@1=0.000 clip=0.000 |post_move|=0.0010 grad=0.0000 loss=0.0000
Update 0076/100 reward=0.875 pass@1=0.750 clip=0.000 |post_move|=0.0011 grad=6.7385 loss=0.0000
Update 0077/100 reward=0.650 pass@1=0.500 clip=0.000 |post_move|=0.0029 grad=8.5669 loss=-0.0000
Update 0078/100 reward=0.750 pass@1=0.500 clip=0.000 |post_move|=0.0015 grad=9.2208 loss=0.0000
Update 0079/100 reward=0.875 pass@1=0.750 clip=0.000 |post_move|=0.0017 grad=5.5825 loss=0.0000
Update 0080/100 reward=0.400 pass@1=0.000 clip=0.000 |post_move|=0.0011 grad=6.3300 loss=0.0000
Update 0081/100 reward=0.625 pass@1=0.250 clip=0.000 |post_move|=0.0025 grad=6.4458 loss=0.0000
Update 0082/100 reward=0.400 pass@1=0.000 clip=0.000 |post_move|=0.0014 grad=4.9530 loss=0.0000
Update 0083/100 reward=0.750 pass@1=0.500 clip=0.000 |post_move|=0.0023 grad=7.2400 loss=0.0000
Update 0084/100 reward=0.525 pass@1=0.250 clip=0.000 |post_move|=0.0035 grad=8.8444 loss=-0.0000
Update 0085/100 reward=1.000 pass@1=1.000 clip=0.000 |post_move|=0.0004 grad=0.0000 loss=0.0000
Update 0086/100 reward=0.500 pass@1=0.000 clip=0.000 |post_move|=0.0010 grad=0.0000 loss=0.0000
Update 0087/100 reward=0.875 pass@1=0.750 clip=0.000 |post_move|=0.0018 grad=6.2888 loss=0.0000
Update 0088/100 reward=0.750 pass@1=0.500 clip=0.000 |post_move|=0.0016 grad=7.4560 loss=0.0000
Update 0089/100 reward=0.750 pass@1=0.500 clip=0.000 |post_move|=0.0006 grad=9.3788 loss=0.0000
Update 0090/100 reward=0.875 pass@1=0.750 clip=0.000 |post_move|=0.0026 grad=7.5918 loss=0.0000
Update 0091/100 reward=0.525 pass@1=0.250 clip=0.000 |post_move|=0.0013 grad=5.1272 loss=-0.0000
Update 0092/100 reward=0.750 pass@1=0.500 clip=0.000 |post_move|=0.0011 grad=10.1120 loss=0.0000
Update 0093/100 reward=0.625 pass@1=0.250 clip=0.000 |post_move|=0.0012 grad=6.6104 loss=0.0000
Update 0094/100 reward=0.750 pass@1=0.500 clip=0.000 |post_move|=0.0013 grad=6.8716 loss=0.0000
Update 0095/100 reward=0.625 pass@1=0.250 clip=0.000 |post_move|=0.0030 grad=7.7397 loss=0.0000
Update 0096/100 reward=0.525 pass@1=0.250 clip=0.000 |post_move|=0.0017 grad=6.3633 loss=-0.0000
Update 0097/100 reward=0.750 pass@1=0.500 clip=0.000 |post_move|=0.0012 grad=9.0740 loss=0.0000
Update 0098/100 reward=0.300 pass@1=0.000 clip=0.000 |post_move|=0.0034 grad=7.0603 loss=0.0000
Update 0099/100 reward=0.750 pass@1=0.500 clip=0.000 |post_move|=0.0022 grad=5.8049 loss=0.0000
Update 0100/100 reward=0.875 pass@1=0.750 clip=0.000 |post_move|=0.0020 grad=3.2047 loss=0.0000
Logs saved to outputs/live_ppo/live_ppo_sync_wikisql_seed1/logs.json
Figure saved to outputs/live_ppo/live_ppo_sync_wikisql_seed1/metrics.png
==> Running: sync, seed=2 (Mon May  4 02:13:34 AM EDT 2026)
Using device: cuda
Condition: sync  Task: wikisql  Seed: 2
Using max_new_tokens=64 for WikiSQL
Loading WikiSQL train dataset (2000 examples)...
Loading WikiSQL tables from /home/hice1/jchen3392/Sync-Or-Sink/scripts/../data/data...
Loaded 18585 tables
Loading WikiSQL examples...
Loaded 56355 examples
Loading WikiSQL eval dataset (200 examples)...
Loading WikiSQL tables from /home/hice1/jchen3392/Sync-Or-Sink/scripts/../data/data...
Loaded 2716 tables
Loading WikiSQL examples...
Loaded 8421 examples
Loading learner policy...
Loading checkpoint from outputs/checkpoints/wikisql_sft/checkpoint.pt...
Checkpoint loaded successfully
Loading actor policy...
Update 0001/100 reward=0.625 pass@1=0.250 clip=0.012 |post_move|=0.0128 grad=7.0415 loss=-0.0000
Update 0002/100 reward=0.750 pass@1=0.500 clip=0.000 |post_move|=0.0049 grad=7.1857 loss=0.0000
Update 0003/100 reward=0.750 pass@1=0.500 clip=0.000 |post_move|=0.0079 grad=7.0839 loss=0.0000
Update 0004/100 reward=0.625 pass@1=0.250 clip=0.016 |post_move|=0.0078 grad=13.2572 loss=-0.0000
Update 0005/100 reward=0.525 pass@1=0.250 clip=0.000 |post_move|=0.0027 grad=7.6133 loss=-0.0000
Update 0006/100 reward=0.750 pass@1=0.500 clip=0.000 |post_move|=0.0017 grad=4.4920 loss=0.0000
Update 0007/100 reward=0.875 pass@1=0.750 clip=0.000 |post_move|=0.0034 grad=6.7271 loss=0.0000
Update 0008/100 reward=0.525 pass@1=0.250 clip=0.000 |post_move|=0.0014 grad=5.1800 loss=-0.0000
Update 0009/100 reward=0.400 pass@1=0.000 clip=0.000 |post_move|=0.0019 grad=5.8175 loss=0.0000
Update 0010/100 reward=0.625 pass@1=0.250 clip=0.000 |post_move|=0.0014 grad=9.4188 loss=-0.0000
Update 0011/100 reward=0.875 pass@1=0.750 clip=0.000 |post_move|=0.0036 grad=9.1437 loss=0.0000
Update 0012/100 reward=0.750 pass@1=0.500 clip=0.000 |post_move|=0.0016 grad=8.0118 loss=0.0000
Update 0013/100 reward=0.500 pass@1=0.000 clip=0.000 |post_move|=0.0009 grad=0.0000 loss=0.0000
Update 0014/100 reward=0.500 pass@1=0.000 clip=0.000 |post_move|=0.0012 grad=0.0000 loss=0.0000
Update 0015/100 reward=1.000 pass@1=1.000 clip=0.000 |post_move|=0.0010 grad=0.0000 loss=0.0000
Update 0016/100 reward=0.525 pass@1=0.250 clip=0.000 |post_move|=0.0014 grad=5.3182 loss=-0.0000
Update 0017/100 reward=1.000 pass@1=1.000 clip=0.000 |post_move|=0.0009 grad=0.0000 loss=0.0000
Update 0018/100 reward=1.000 pass@1=1.000 clip=0.000 |post_move|=0.0005 grad=0.0000 loss=0.0000
Update 0019/100 reward=0.625 pass@1=0.250 clip=0.000 |post_move|=0.0021 grad=5.9960 loss=0.0000
Update 0020/100 reward=0.500 pass@1=0.000 clip=0.000 |post_move|=0.0006 grad=0.0000 loss=0.0000
Update 0021/100 reward=0.525 pass@1=0.250 clip=0.000 |post_move|=0.0022 grad=7.0960 loss=-0.0000
Update 0022/100 reward=0.625 pass@1=0.250 clip=0.000 |post_move|=0.0016 grad=6.5009 loss=-0.0000
Update 0023/100 reward=0.875 pass@1=0.750 clip=0.000 |post_move|=0.0016 grad=9.2217 loss=0.0000
Update 0024/100 reward=0.750 pass@1=0.500 clip=0.000 |post_move|=0.0012 grad=10.1125 loss=0.0000
Update 0025/100 reward=0.750 pass@1=0.500 clip=0.000 |post_move|=0.0017 grad=7.3791 loss=0.0000
Update 0026/100 reward=0.875 pass@1=0.750 clip=0.000 |post_move|=0.0014 grad=6.5786 loss=0.0000
Update 0027/100 reward=0.400 pass@1=0.000 clip=0.000 |post_move|=0.0023 grad=4.4503 loss=0.0000
Update 0028/100 reward=0.875 pass@1=0.750 clip=0.000 |post_move|=0.0028 grad=9.0959 loss=0.0000
Update 0029/100 reward=0.875 pass@1=0.750 clip=0.000 |post_move|=0.0019 grad=6.7208 loss=0.0000
Update 0030/100 reward=0.625 pass@1=0.250 clip=0.000 |post_move|=0.0010 grad=7.7814 loss=-0.0000
Update 0031/100 reward=0.750 pass@1=0.500 clip=0.000 |post_move|=0.0014 grad=10.0364 loss=0.0000
Update 0032/100 reward=0.750 pass@1=0.500 clip=0.000 |post_move|=0.0029 grad=7.7809 loss=0.0000
Update 0033/100 reward=0.875 pass@1=0.750 clip=0.000 |post_move|=0.0027 grad=8.0495 loss=0.0000
Update 0034/100 reward=0.750 pass@1=0.500 clip=0.000 |post_move|=0.0026 grad=4.5453 loss=0.0000
Update 0035/100 reward=0.625 pass@1=0.250 clip=0.000 |post_move|=0.0017 grad=6.3533 loss=0.0000
Update 0036/100 reward=0.625 pass@1=0.250 clip=0.000 |post_move|=0.0015 grad=6.5599 loss=-0.0000
Update 0037/100 reward=0.875 pass@1=0.750 clip=0.000 |post_move|=0.0017 grad=8.3250 loss=0.0000
Update 0038/100 reward=0.625 pass@1=0.250 clip=0.000 |post_move|=0.0014 grad=5.9923 loss=0.0000
Update 0039/100 reward=0.400 pass@1=0.000 clip=0.000 |post_move|=0.0021 grad=8.8707 loss=0.0000
Update 0040/100 reward=0.750 pass@1=0.500 clip=0.000 |post_move|=0.0026 grad=10.0013 loss=0.0000
Update 0041/100 reward=0.775 pass@1=0.750 clip=0.000 |post_move|=0.0021 grad=5.2236 loss=-0.0000
Update 0042/100 reward=0.650 pass@1=0.500 clip=0.000 |post_move|=0.0008 grad=8.1977 loss=-0.0000
Update 0043/100 reward=0.650 pass@1=0.500 clip=0.000 |post_move|=0.0011 grad=7.2346 loss=-0.0000
Update 0044/100 reward=0.875 pass@1=0.750 clip=0.000 |post_move|=0.0023 grad=7.9805 loss=0.0000
Update 0045/100 reward=0.625 pass@1=0.250 clip=0.000 |post_move|=0.0012 grad=8.5309 loss=0.0000
Update 0046/100 reward=0.875 pass@1=0.750 clip=0.000 |post_move|=0.0015 grad=7.0606 loss=0.0000
Update 0047/100 reward=0.525 pass@1=0.250 clip=0.000 |post_move|=0.0027 grad=5.6332 loss=-0.0000
Update 0048/100 reward=0.625 pass@1=0.250 clip=0.000 |post_move|=0.0005 grad=6.4386 loss=0.0000
Update 0049/100 reward=0.500 pass@1=0.000 clip=0.000 |post_move|=0.0014 grad=0.0000 loss=0.0000
Update 0050/100 reward=0.500 pass@1=0.000 clip=0.000 |post_move|=0.0006 grad=0.0000 loss=0.0000
Update 0051/100 reward=1.000 pass@1=1.000 clip=0.000 |post_move|=0.0010 grad=0.0000 loss=0.0000
Update 0052/100 reward=0.500 pass@1=0.000 clip=0.000 |post_move|=0.0007 grad=0.0000 loss=0.0000
Update 0053/100 reward=0.500 pass@1=0.000 clip=0.000 |post_move|=0.0002 grad=0.0000 loss=0.0000
Update 0054/100 reward=0.875 pass@1=0.750 clip=0.000 |post_move|=0.0007 grad=6.2431 loss=0.0000
Update 0055/100 reward=0.625 pass@1=0.250 clip=0.000 |post_move|=0.0023 grad=7.1058 loss=-0.0000
Update 0056/100 reward=0.625 pass@1=0.250 clip=0.000 |post_move|=0.0006 grad=10.4557 loss=0.0000
Update 0057/100 reward=1.000 pass@1=1.000 clip=0.000 |post_move|=0.0006 grad=0.0000 loss=0.0000
Update 0058/100 reward=0.750 pass@1=0.500 clip=0.000 |post_move|=0.0015 grad=5.8167 loss=0.0000
Update 0059/100 reward=0.750 pass@1=0.500 clip=0.000 |post_move|=0.0035 grad=9.0683 loss=0.0000
Update 0060/100 reward=0.875 pass@1=0.750 clip=0.000 |post_move|=0.0017 grad=6.6354 loss=0.0000
Update 0061/100 reward=0.650 pass@1=0.500 clip=0.000 |post_move|=0.0018 grad=7.0386 loss=-0.0000
Update 0062/100 reward=0.875 pass@1=0.750 clip=0.000 |post_move|=0.0026 grad=9.5973 loss=0.0000
Update 0063/100 reward=0.750 pass@1=0.500 clip=0.016 |post_move|=0.0068 grad=10.7278 loss=0.0000
Update 0064/100 reward=0.625 pass@1=0.250 clip=0.000 |post_move|=0.0029 grad=6.9074 loss=-0.0000
Update 0065/100 reward=0.625 pass@1=0.250 clip=0.000 |post_move|=0.0009 grad=7.8746 loss=-0.0000
Update 0066/100 reward=0.500 pass@1=0.000 clip=0.000 |post_move|=0.0007 grad=0.0000 loss=0.0000
Update 0067/100 reward=0.750 pass@1=0.500 clip=0.000 |post_move|=0.0019 grad=6.5696 loss=0.0000
Update 0068/100 reward=0.525 pass@1=0.250 clip=0.000 |post_move|=0.0024 grad=5.7453 loss=-0.0000
Update 0069/100 reward=0.625 pass@1=0.250 clip=0.000 |post_move|=0.0022 grad=7.9565 loss=-0.0000
Update 0070/100 reward=0.500 pass@1=0.000 clip=0.000 |post_move|=0.0010 grad=0.0000 loss=0.0000
Update 0071/100 reward=0.875 pass@1=0.750 clip=0.000 |post_move|=0.0018 grad=6.9658 loss=0.0000
Update 0072/100 reward=0.500 pass@1=0.000 clip=0.000 |post_move|=0.0010 grad=0.0000 loss=0.0000
Update 0073/100 reward=0.500 pass@1=0.000 clip=0.000 |post_move|=0.0009 grad=0.0000 loss=0.0000
Update 0074/100 reward=0.875 pass@1=0.750 clip=0.013 |post_move|=0.0036 grad=8.9826 loss=0.0000
Update 0075/100 reward=1.000 pass@1=1.000 clip=0.000 |post_move|=0.0005 grad=0.0000 loss=0.0000
Update 0076/100 reward=0.750 pass@1=0.500 clip=0.000 |post_move|=0.0013 grad=10.5146 loss=0.0000
Update 0077/100 reward=0.525 pass@1=0.250 clip=0.000 |post_move|=0.0021 grad=6.3954 loss=-0.0000
Update 0078/100 reward=0.750 pass@1=0.500 clip=0.000 |post_move|=0.0021 grad=7.0908 loss=0.0000
Update 0079/100 reward=0.525 pass@1=0.250 clip=0.000 |post_move|=0.0021 grad=7.0151 loss=-0.0000
Update 0080/100 reward=0.625 pass@1=0.250 clip=0.000 |post_move|=0.0018 grad=7.0442 loss=-0.0000
Update 0081/100 reward=0.750 pass@1=0.500 clip=0.000 |post_move|=0.0032 grad=4.3436 loss=0.0000
Update 0082/100 reward=0.750 pass@1=0.500 clip=0.000 |post_move|=0.0013 grad=5.0644 loss=0.0000
Update 0083/100 reward=1.000 pass@1=1.000 clip=0.000 |post_move|=0.0005 grad=0.0000 loss=0.0000
Update 0084/100 reward=0.750 pass@1=0.500 clip=0.000 |post_move|=0.0007 grad=8.9038 loss=0.0000
Update 0085/100 reward=0.650 pass@1=0.500 clip=0.000 |post_move|=0.0012 grad=5.5451 loss=-0.0000
Update 0086/100 reward=0.625 pass@1=0.250 clip=0.000 |post_move|=0.0009 grad=9.1173 loss=0.0000
Update 0087/100 reward=0.525 pass@1=0.250 clip=0.000 |post_move|=0.0013 grad=5.9604 loss=-0.0000
Update 0088/100 reward=0.875 pass@1=0.750 clip=0.000 |post_move|=0.0014 grad=6.4402 loss=0.0000
Update 0089/100 reward=0.750 pass@1=0.500 clip=0.000 |post_move|=0.0017 grad=7.0991 loss=0.0000
Update 0090/100 reward=0.750 pass@1=0.500 clip=0.000 |post_move|=0.0029 grad=4.9319 loss=0.0000
Update 0091/100 reward=0.750 pass@1=0.500 clip=0.000 |post_move|=0.0005 grad=3.9989 loss=0.0000
Update 0092/100 reward=0.875 pass@1=0.750 clip=0.000 |post_move|=0.0026 grad=4.9344 loss=0.0000
Update 0093/100 reward=0.750 pass@1=0.500 clip=0.000 |post_move|=0.0014 grad=4.1664 loss=0.0000
Update 0094/100 reward=1.000 pass@1=1.000 clip=0.000 |post_move|=0.0010 grad=0.0000 loss=0.0000
Update 0095/100 reward=1.000 pass@1=1.000 clip=0.000 |post_move|=0.0012 grad=0.0000 loss=0.0000
Update 0096/100 reward=0.750 pass@1=0.500 clip=0.000 |post_move|=0.0024 grad=8.7759 loss=0.0000
Update 0097/100 reward=0.625 pass@1=0.250 clip=0.000 |post_move|=0.0010 grad=5.0192 loss=0.0000
Update 0098/100 reward=0.525 pass@1=0.250 clip=0.000 |post_move|=0.0016 grad=5.1845 loss=-0.0000
Update 0099/100 reward=0.525 pass@1=0.250 clip=0.000 |post_move|=0.0016 grad=6.8804 loss=-0.0000
Update 0100/100 reward=0.750 pass@1=0.500 clip=0.000 |post_move|=0.0008 grad=9.5112 loss=0.0000
Logs saved to outputs/live_ppo/live_ppo_sync_wikisql_seed2/logs.json
Figure saved to outputs/live_ppo/live_ppo_sync_wikisql_seed2/metrics.png
==> Sync Replication finished: Mon May  4 02:16:27 AM EDT 2026
---------------------------------------
Begin Slurm Epilog: May-04-2026 02:16:27
Job ID:        5248910
User ID:       jchen3392
Account:       cse
Job name:      sync_replication
Resources:     cpu=1,gres/gpu:a100=1,mem=24G,node=1
Rsrc Used:     cput=00:05:43,vmem=0,walltime=00:05:43,mem=3872684K,energy_used=0
Partition:     coc-gpu
QOS:           coc-ice
Nodes:         atl1-1-03-007-33-0
---------------------------------------
